CRITICAL - 2021-09-09 16:33:46 --> Undefined variable: imovie
#0 /var/www/html/screening/app/Libraries/InterneticsLibrary.php(154): CodeIgniter\Debug\Exceptions->errorHandler(8, 'Undefined varia...', '/var/www/html/s...', 154, Array)
#1 /var/www/html/screening/app/Libraries/GroceryCrud.php(231): App\Libraries\InterneticsLibrary->get_relation_n_n_input(Object(stdClass), Array)
#2 /var/www/html/screening/app/Libraries/InterneticsLibrary.php(290): App\Libraries\grocery_CRUD_Field_Types->get_field_input(Object(stdClass), Array)
#3 /var/www/html/screening/app/Libraries/GroceryCrud.php(1832): App\Libraries\InterneticsLibrary->get_edit_input_fields(Object(stdClass))
#4 /var/www/html/screening/app/Libraries/GroceryCrud.php(4532): App\Libraries\grocery_CRUD_Layout->showEditForm(Object(stdClass))
#5 /var/www/html/screening/app/Controllers/Product.php(167): App\Libraries\GroceryCrud->render()
#6 /var/www/html/screening/system/CodeIgniter.php(936): App\Controllers\Product->screening_management('edit', '1012')
#7 /var/www/html/screening/system/CodeIgniter.php(432): CodeIgniter\CodeIgniter->runController(Object(App\Controllers\Product))
#8 /var/www/html/screening/system/CodeIgniter.php(333): CodeIgniter\CodeIgniter->handleRequest(NULL, Object(Config\Cache), false)
#9 /var/www/html/screening/public/index.php(44): CodeIgniter\CodeIgniter->run()
#10 {main}
CRITICAL - 2021-09-09 16:33:46 --> Uncaught ErrorException: print_r(): Property access is not allowed yet in /var/www/html/screening/app/Views/errors/html/error_exception.php:100
Stack trace:
#0 [internal function]: CodeIgniter\Debug\Exceptions->errorHandler(2, 'print_r(): Prop...', '/var/www/html/s...', 100, Array)
#1 /var/www/html/screening/app/Views/errors/html/error_exception.php(100): print_r(Array, true)
#2 /var/www/html/screening/system/Debug/Exceptions.php(281): include('/var/www/html/s...')
#3 /var/www/html/screening/system/Debug/Exceptions.php(147): CodeIgniter\Debug\Exceptions->render(Object(ErrorException), 500)
#4 [internal function]: CodeIgniter\Debug\Exceptions->exceptionHandler(Object(ErrorException))
#5 {main}
  thrown
#0 [internal function]: CodeIgniter\Debug\Exceptions->shutdownHandler()
#1 {main}
CRITICAL - 2021-09-09 16:34:03 --> Undefined variable: movie
#0 /var/www/html/screening/app/Libraries/InterneticsLibrary.php(154): CodeIgniter\Debug\Exceptions->errorHandler(8, 'Undefined varia...', '/var/www/html/s...', 154, Array)
#1 /var/www/html/screening/app/Libraries/GroceryCrud.php(231): App\Libraries\InterneticsLibrary->get_relation_n_n_input(Object(stdClass), Array)
#2 /var/www/html/screening/app/Libraries/InterneticsLibrary.php(290): App\Libraries\grocery_CRUD_Field_Types->get_field_input(Object(stdClass), Array)
#3 /var/www/html/screening/app/Libraries/GroceryCrud.php(1832): App\Libraries\InterneticsLibrary->get_edit_input_fields(Object(stdClass))
#4 /var/www/html/screening/app/Libraries/GroceryCrud.php(4532): App\Libraries\grocery_CRUD_Layout->showEditForm(Object(stdClass))
#5 /var/www/html/screening/app/Controllers/Product.php(167): App\Libraries\GroceryCrud->render()
#6 /var/www/html/screening/system/CodeIgniter.php(936): App\Controllers\Product->screening_management('edit', '1012')
#7 /var/www/html/screening/system/CodeIgniter.php(432): CodeIgniter\CodeIgniter->runController(Object(App\Controllers\Product))
#8 /var/www/html/screening/system/CodeIgniter.php(333): CodeIgniter\CodeIgniter->handleRequest(NULL, Object(Config\Cache), false)
#9 /var/www/html/screening/public/index.php(44): CodeIgniter\CodeIgniter->run()
#10 {main}
CRITICAL - 2021-09-09 16:34:03 --> Uncaught ErrorException: print_r(): Property access is not allowed yet in /var/www/html/screening/app/Views/errors/html/error_exception.php:100
Stack trace:
#0 [internal function]: CodeIgniter\Debug\Exceptions->errorHandler(2, 'print_r(): Prop...', '/var/www/html/s...', 100, Array)
#1 /var/www/html/screening/app/Views/errors/html/error_exception.php(100): print_r(Array, true)
#2 /var/www/html/screening/system/Debug/Exceptions.php(281): include('/var/www/html/s...')
#3 /var/www/html/screening/system/Debug/Exceptions.php(147): CodeIgniter\Debug\Exceptions->render(Object(ErrorException), 500)
#4 [internal function]: CodeIgniter\Debug\Exceptions->exceptionHandler(Object(ErrorException))
#5 {main}
  thrown
#0 [internal function]: CodeIgniter\Debug\Exceptions->shutdownHandler()
#1 {main}
CRITICAL - 2021-09-09 16:41:01 --> Undefined variable: movie
#0 /var/www/html/screening/app/Libraries/InterneticsLibrary.php(154): CodeIgniter\Debug\Exceptions->errorHandler(8, 'Undefined varia...', '/var/www/html/s...', 154, Array)
#1 /var/www/html/screening/app/Libraries/GroceryCrud.php(231): App\Libraries\InterneticsLibrary->get_relation_n_n_input(Object(stdClass), Array)
#2 /var/www/html/screening/app/Libraries/InterneticsLibrary.php(290): App\Libraries\grocery_CRUD_Field_Types->get_field_input(Object(stdClass), Array)
#3 /var/www/html/screening/app/Libraries/GroceryCrud.php(1832): App\Libraries\InterneticsLibrary->get_edit_input_fields(Object(stdClass))
#4 /var/www/html/screening/app/Libraries/GroceryCrud.php(4532): App\Libraries\grocery_CRUD_Layout->showEditForm(Object(stdClass))
#5 /var/www/html/screening/app/Controllers/Product.php(167): App\Libraries\GroceryCrud->render()
#6 /var/www/html/screening/system/CodeIgniter.php(936): App\Controllers\Product->screening_management('edit', '1012')
#7 /var/www/html/screening/system/CodeIgniter.php(432): CodeIgniter\CodeIgniter->runController(Object(App\Controllers\Product))
#8 /var/www/html/screening/system/CodeIgniter.php(333): CodeIgniter\CodeIgniter->handleRequest(NULL, Object(Config\Cache), false)
#9 /var/www/html/screening/public/index.php(44): CodeIgniter\CodeIgniter->run()
#10 {main}
CRITICAL - 2021-09-09 16:41:01 --> Uncaught ErrorException: print_r(): Property access is not allowed yet in /var/www/html/screening/app/Views/errors/html/error_exception.php:100
Stack trace:
#0 [internal function]: CodeIgniter\Debug\Exceptions->errorHandler(2, 'print_r(): Prop...', '/var/www/html/s...', 100, Array)
#1 /var/www/html/screening/app/Views/errors/html/error_exception.php(100): print_r(Array, true)
#2 /var/www/html/screening/system/Debug/Exceptions.php(281): include('/var/www/html/s...')
#3 /var/www/html/screening/system/Debug/Exceptions.php(147): CodeIgniter\Debug\Exceptions->render(Object(ErrorException), 500)
#4 [internal function]: CodeIgniter\Debug\Exceptions->exceptionHandler(Object(ErrorException))
#5 {main}
  thrown
#0 [internal function]: CodeIgniter\Debug\Exceptions->shutdownHandler()
#1 {main}
CRITICAL - 2021-09-09 16:43:58 --> Undefined variable: movie
#0 /var/www/html/screening/app/Libraries/InterneticsLibrary.php(154): CodeIgniter\Debug\Exceptions->errorHandler(8, 'Undefined varia...', '/var/www/html/s...', 154, Array)
#1 /var/www/html/screening/app/Libraries/GroceryCrud.php(231): App\Libraries\InterneticsLibrary->get_relation_n_n_input(Object(stdClass), Array)
#2 /var/www/html/screening/app/Libraries/InterneticsLibrary.php(290): App\Libraries\grocery_CRUD_Field_Types->get_field_input(Object(stdClass), Array)
#3 /var/www/html/screening/app/Libraries/GroceryCrud.php(1832): App\Libraries\InterneticsLibrary->get_edit_input_fields(Object(stdClass))
#4 /var/www/html/screening/app/Libraries/GroceryCrud.php(4532): App\Libraries\grocery_CRUD_Layout->showEditForm(Object(stdClass))
#5 /var/www/html/screening/app/Controllers/Product.php(167): App\Libraries\GroceryCrud->render()
#6 /var/www/html/screening/system/CodeIgniter.php(936): App\Controllers\Product->screening_management('edit', '1012')
#7 /var/www/html/screening/system/CodeIgniter.php(432): CodeIgniter\CodeIgniter->runController(Object(App\Controllers\Product))
#8 /var/www/html/screening/system/CodeIgniter.php(333): CodeIgniter\CodeIgniter->handleRequest(NULL, Object(Config\Cache), false)
#9 /var/www/html/screening/public/index.php(44): CodeIgniter\CodeIgniter->run()
#10 {main}
CRITICAL - 2021-09-09 16:43:58 --> Uncaught ErrorException: print_r(): Property access is not allowed yet in /var/www/html/screening/app/Views/errors/html/error_exception.php:100
Stack trace:
#0 [internal function]: CodeIgniter\Debug\Exceptions->errorHandler(2, 'print_r(): Prop...', '/var/www/html/s...', 100, Array)
#1 /var/www/html/screening/app/Views/errors/html/error_exception.php(100): print_r(Array, true)
#2 /var/www/html/screening/system/Debug/Exceptions.php(281): include('/var/www/html/s...')
#3 /var/www/html/screening/system/Debug/Exceptions.php(147): CodeIgniter\Debug\Exceptions->render(Object(ErrorException), 500)
#4 [internal function]: CodeIgniter\Debug\Exceptions->exceptionHandler(Object(ErrorException))
#5 {main}
  thrown
#0 [internal function]: CodeIgniter\Debug\Exceptions->shutdownHandler()
#1 {main}
CRITICAL - 2021-09-09 16:45:09 --> Undefined variable: movie
#0 /var/www/html/screening/app/Libraries/InterneticsLibrary.php(154): CodeIgniter\Debug\Exceptions->errorHandler(8, 'Undefined varia...', '/var/www/html/s...', 154, Array)
#1 /var/www/html/screening/app/Libraries/GroceryCrud.php(231): App\Libraries\InterneticsLibrary->get_relation_n_n_input(Object(stdClass), Array)
#2 /var/www/html/screening/app/Libraries/InterneticsLibrary.php(290): App\Libraries\grocery_CRUD_Field_Types->get_field_input(Object(stdClass), Array)
#3 /var/www/html/screening/app/Libraries/GroceryCrud.php(1832): App\Libraries\InterneticsLibrary->get_edit_input_fields(Object(stdClass))
#4 /var/www/html/screening/app/Libraries/GroceryCrud.php(4532): App\Libraries\grocery_CRUD_Layout->showEditForm(Object(stdClass))
#5 /var/www/html/screening/app/Controllers/Product.php(167): App\Libraries\GroceryCrud->render()
#6 /var/www/html/screening/system/CodeIgniter.php(936): App\Controllers\Product->screening_management('edit', '1012')
#7 /var/www/html/screening/system/CodeIgniter.php(432): CodeIgniter\CodeIgniter->runController(Object(App\Controllers\Product))
#8 /var/www/html/screening/system/CodeIgniter.php(333): CodeIgniter\CodeIgniter->handleRequest(NULL, Object(Config\Cache), false)
#9 /var/www/html/screening/public/index.php(44): CodeIgniter\CodeIgniter->run()
#10 {main}
CRITICAL - 2021-09-09 16:45:09 --> Uncaught ErrorException: print_r(): Property access is not allowed yet in /var/www/html/screening/app/Views/errors/html/error_exception.php:100
Stack trace:
#0 [internal function]: CodeIgniter\Debug\Exceptions->errorHandler(2, 'print_r(): Prop...', '/var/www/html/s...', 100, Array)
#1 /var/www/html/screening/app/Views/errors/html/error_exception.php(100): print_r(Array, true)
#2 /var/www/html/screening/system/Debug/Exceptions.php(281): include('/var/www/html/s...')
#3 /var/www/html/screening/system/Debug/Exceptions.php(147): CodeIgniter\Debug\Exceptions->render(Object(ErrorException), 500)
#4 [internal function]: CodeIgniter\Debug\Exceptions->exceptionHandler(Object(ErrorException))
#5 {main}
  thrown
#0 [internal function]: CodeIgniter\Debug\Exceptions->shutdownHandler()
#1 {main}
CRITICAL - 2021-09-09 16:48:31 --> Undefined variable: movie
#0 /var/www/html/screening/app/Libraries/InterneticsLibrary.php(158): CodeIgniter\Debug\Exceptions->errorHandler(8, 'Undefined varia...', '/var/www/html/s...', 158, Array)
#1 /var/www/html/screening/app/Libraries/GroceryCrud.php(231): App\Libraries\InterneticsLibrary->get_relation_n_n_input(Object(stdClass), Array)
#2 /var/www/html/screening/app/Libraries/InterneticsLibrary.php(294): App\Libraries\grocery_CRUD_Field_Types->get_field_input(Object(stdClass), Array)
#3 /var/www/html/screening/app/Libraries/GroceryCrud.php(1832): App\Libraries\InterneticsLibrary->get_edit_input_fields(Object(stdClass))
#4 /var/www/html/screening/app/Libraries/GroceryCrud.php(4532): App\Libraries\grocery_CRUD_Layout->showEditForm(Object(stdClass))
#5 /var/www/html/screening/app/Controllers/Product.php(167): App\Libraries\GroceryCrud->render()
#6 /var/www/html/screening/system/CodeIgniter.php(936): App\Controllers\Product->screening_management('edit', '1012')
#7 /var/www/html/screening/system/CodeIgniter.php(432): CodeIgniter\CodeIgniter->runController(Object(App\Controllers\Product))
#8 /var/www/html/screening/system/CodeIgniter.php(333): CodeIgniter\CodeIgniter->handleRequest(NULL, Object(Config\Cache), false)
#9 /var/www/html/screening/public/index.php(44): CodeIgniter\CodeIgniter->run()
#10 {main}
CRITICAL - 2021-09-09 16:48:31 --> Uncaught ErrorException: print_r(): Property access is not allowed yet in /var/www/html/screening/app/Views/errors/html/error_exception.php:100
Stack trace:
#0 [internal function]: CodeIgniter\Debug\Exceptions->errorHandler(2, 'print_r(): Prop...', '/var/www/html/s...', 100, Array)
#1 /var/www/html/screening/app/Views/errors/html/error_exception.php(100): print_r(Array, true)
#2 /var/www/html/screening/system/Debug/Exceptions.php(281): include('/var/www/html/s...')
#3 /var/www/html/screening/system/Debug/Exceptions.php(147): CodeIgniter\Debug\Exceptions->render(Object(ErrorException), 500)
#4 [internal function]: CodeIgniter\Debug\Exceptions->exceptionHandler(Object(ErrorException))
#5 {main}
  thrown
#0 [internal function]: CodeIgniter\Debug\Exceptions->shutdownHandler()
#1 {main}
CRITICAL - 2021-09-09 16:56:26 --> Undefined variable: row
#0 /var/www/html/screening/app/Libraries/InterneticsLibrary.php(155): CodeIgniter\Debug\Exceptions->errorHandler(8, 'Undefined varia...', '/var/www/html/s...', 155, Array)
#1 /var/www/html/screening/app/Libraries/GroceryCrud.php(231): App\Libraries\InterneticsLibrary->get_relation_n_n_input(Object(stdClass), Array)
#2 /var/www/html/screening/app/Libraries/InterneticsLibrary.php(292): App\Libraries\grocery_CRUD_Field_Types->get_field_input(Object(stdClass), Array)
#3 /var/www/html/screening/app/Libraries/GroceryCrud.php(1832): App\Libraries\InterneticsLibrary->get_edit_input_fields(Object(stdClass))
#4 /var/www/html/screening/app/Libraries/GroceryCrud.php(4532): App\Libraries\grocery_CRUD_Layout->showEditForm(Object(stdClass))
#5 /var/www/html/screening/app/Controllers/Product.php(167): App\Libraries\GroceryCrud->render()
#6 /var/www/html/screening/system/CodeIgniter.php(936): App\Controllers\Product->screening_management('edit', '1012')
#7 /var/www/html/screening/system/CodeIgniter.php(432): CodeIgniter\CodeIgniter->runController(Object(App\Controllers\Product))
#8 /var/www/html/screening/system/CodeIgniter.php(333): CodeIgniter\CodeIgniter->handleRequest(NULL, Object(Config\Cache), false)
#9 /var/www/html/screening/public/index.php(44): CodeIgniter\CodeIgniter->run()
#10 {main}
CRITICAL - 2021-09-09 16:56:26 --> Uncaught ErrorException: print_r(): Property access is not allowed yet in /var/www/html/screening/app/Views/errors/html/error_exception.php:100
Stack trace:
#0 [internal function]: CodeIgniter\Debug\Exceptions->errorHandler(2, 'print_r(): Prop...', '/var/www/html/s...', 100, Array)
#1 /var/www/html/screening/app/Views/errors/html/error_exception.php(100): print_r(Array, true)
#2 /var/www/html/screening/system/Debug/Exceptions.php(281): include('/var/www/html/s...')
#3 /var/www/html/screening/system/Debug/Exceptions.php(147): CodeIgniter\Debug\Exceptions->render(Object(ErrorException), 500)
#4 [internal function]: CodeIgniter\Debug\Exceptions->exceptionHandler(Object(ErrorException))
#5 {main}
  thrown
#0 [internal function]: CodeIgniter\Debug\Exceptions->shutdownHandler()
#1 {main}
CRITICAL - 2021-09-09 16:58:45 --> Undefined variable: movie
#0 /var/www/html/screening/app/Libraries/InterneticsLibrary.php(155): CodeIgniter\Debug\Exceptions->errorHandler(8, 'Undefined varia...', '/var/www/html/s...', 155, Array)
#1 /var/www/html/screening/app/Libraries/GroceryCrud.php(231): App\Libraries\InterneticsLibrary->get_relation_n_n_input(Object(stdClass), Array)
#2 /var/www/html/screening/app/Libraries/InterneticsLibrary.php(292): App\Libraries\grocery_CRUD_Field_Types->get_field_input(Object(stdClass), Array)
#3 /var/www/html/screening/app/Libraries/GroceryCrud.php(1832): App\Libraries\InterneticsLibrary->get_edit_input_fields(Object(stdClass))
#4 /var/www/html/screening/app/Libraries/GroceryCrud.php(4532): App\Libraries\grocery_CRUD_Layout->showEditForm(Object(stdClass))
#5 /var/www/html/screening/app/Controllers/Product.php(167): App\Libraries\GroceryCrud->render()
#6 /var/www/html/screening/system/CodeIgniter.php(936): App\Controllers\Product->screening_management('edit', '1012')
#7 /var/www/html/screening/system/CodeIgniter.php(432): CodeIgniter\CodeIgniter->runController(Object(App\Controllers\Product))
#8 /var/www/html/screening/system/CodeIgniter.php(333): CodeIgniter\CodeIgniter->handleRequest(NULL, Object(Config\Cache), false)
#9 /var/www/html/screening/public/index.php(44): CodeIgniter\CodeIgniter->run()
#10 {main}
CRITICAL - 2021-09-09 16:58:45 --> Uncaught ErrorException: print_r(): Property access is not allowed yet in /var/www/html/screening/app/Views/errors/html/error_exception.php:100
Stack trace:
#0 [internal function]: CodeIgniter\Debug\Exceptions->errorHandler(2, 'print_r(): Prop...', '/var/www/html/s...', 100, Array)
#1 /var/www/html/screening/app/Views/errors/html/error_exception.php(100): print_r(Array, true)
#2 /var/www/html/screening/system/Debug/Exceptions.php(281): include('/var/www/html/s...')
#3 /var/www/html/screening/system/Debug/Exceptions.php(147): CodeIgniter\Debug\Exceptions->render(Object(ErrorException), 500)
#4 [internal function]: CodeIgniter\Debug\Exceptions->exceptionHandler(Object(ErrorException))
#5 {main}
  thrown
#0 [internal function]: CodeIgniter\Debug\Exceptions->shutdownHandler()
#1 {main}
CRITICAL - 2021-09-09 16:59:00 --> Undefined variable: movie
#0 /var/www/html/screening/app/Libraries/InterneticsLibrary.php(155): CodeIgniter\Debug\Exceptions->errorHandler(8, 'Undefined varia...', '/var/www/html/s...', 155, Array)
#1 /var/www/html/screening/app/Libraries/GroceryCrud.php(231): App\Libraries\InterneticsLibrary->get_relation_n_n_input(Object(stdClass), Array)
#2 /var/www/html/screening/app/Libraries/InterneticsLibrary.php(292): App\Libraries\grocery_CRUD_Field_Types->get_field_input(Object(stdClass), Array)
#3 /var/www/html/screening/app/Libraries/GroceryCrud.php(1832): App\Libraries\InterneticsLibrary->get_edit_input_fields(Object(stdClass))
#4 /var/www/html/screening/app/Libraries/GroceryCrud.php(4532): App\Libraries\grocery_CRUD_Layout->showEditForm(Object(stdClass))
#5 /var/www/html/screening/app/Controllers/Product.php(167): App\Libraries\GroceryCrud->render()
#6 /var/www/html/screening/system/CodeIgniter.php(936): App\Controllers\Product->screening_management('edit', '1012')
#7 /var/www/html/screening/system/CodeIgniter.php(432): CodeIgniter\CodeIgniter->runController(Object(App\Controllers\Product))
#8 /var/www/html/screening/system/CodeIgniter.php(333): CodeIgniter\CodeIgniter->handleRequest(NULL, Object(Config\Cache), false)
#9 /var/www/html/screening/public/index.php(44): CodeIgniter\CodeIgniter->run()
#10 {main}
CRITICAL - 2021-09-09 16:59:00 --> Uncaught ErrorException: print_r(): Property access is not allowed yet in /var/www/html/screening/app/Views/errors/html/error_exception.php:100
Stack trace:
#0 [internal function]: CodeIgniter\Debug\Exceptions->errorHandler(2, 'print_r(): Prop...', '/var/www/html/s...', 100, Array)
#1 /var/www/html/screening/app/Views/errors/html/error_exception.php(100): print_r(Array, true)
#2 /var/www/html/screening/system/Debug/Exceptions.php(281): include('/var/www/html/s...')
#3 /var/www/html/screening/system/Debug/Exceptions.php(147): CodeIgniter\Debug\Exceptions->render(Object(ErrorException), 500)
#4 [internal function]: CodeIgniter\Debug\Exceptions->exceptionHandler(Object(ErrorException))
#5 {main}
  thrown
#0 [internal function]: CodeIgniter\Debug\Exceptions->shutdownHandler()
#1 {main}
CRITICAL - 2021-09-09 17:00:14 --> Undefined variable: movie
#0 /var/www/html/screening/app/Libraries/InterneticsLibrary.php(155): CodeIgniter\Debug\Exceptions->errorHandler(8, 'Undefined varia...', '/var/www/html/s...', 155, Array)
#1 /var/www/html/screening/app/Libraries/GroceryCrud.php(231): App\Libraries\InterneticsLibrary->get_relation_n_n_input(Object(stdClass), Array)
#2 /var/www/html/screening/app/Libraries/InterneticsLibrary.php(292): App\Libraries\grocery_CRUD_Field_Types->get_field_input(Object(stdClass), Array)
#3 /var/www/html/screening/app/Libraries/GroceryCrud.php(1832): App\Libraries\InterneticsLibrary->get_edit_input_fields(Object(stdClass))
#4 /var/www/html/screening/app/Libraries/GroceryCrud.php(4532): App\Libraries\grocery_CRUD_Layout->showEditForm(Object(stdClass))
#5 /var/www/html/screening/app/Controllers/Product.php(167): App\Libraries\GroceryCrud->render()
#6 /var/www/html/screening/system/CodeIgniter.php(936): App\Controllers\Product->screening_management('edit', '1012')
#7 /var/www/html/screening/system/CodeIgniter.php(432): CodeIgniter\CodeIgniter->runController(Object(App\Controllers\Product))
#8 /var/www/html/screening/system/CodeIgniter.php(333): CodeIgniter\CodeIgniter->handleRequest(NULL, Object(Config\Cache), false)
#9 /var/www/html/screening/public/index.php(44): CodeIgniter\CodeIgniter->run()
#10 {main}
CRITICAL - 2021-09-09 17:00:14 --> Uncaught ErrorException: print_r(): Property access is not allowed yet in /var/www/html/screening/app/Views/errors/html/error_exception.php:100
Stack trace:
#0 [internal function]: CodeIgniter\Debug\Exceptions->errorHandler(2, 'print_r(): Prop...', '/var/www/html/s...', 100, Array)
#1 /var/www/html/screening/app/Views/errors/html/error_exception.php(100): print_r(Array, true)
#2 /var/www/html/screening/system/Debug/Exceptions.php(281): include('/var/www/html/s...')
#3 /var/www/html/screening/system/Debug/Exceptions.php(147): CodeIgniter\Debug\Exceptions->render(Object(ErrorException), 500)
#4 [internal function]: CodeIgniter\Debug\Exceptions->exceptionHandler(Object(ErrorException))
#5 {main}
  thrown
#0 [internal function]: CodeIgniter\Debug\Exceptions->shutdownHandler()
#1 {main}
CRITICAL - 2021-09-09 17:01:32 --> Undefined variable: movie
#0 /var/www/html/screening/app/Libraries/InterneticsLibrary.php(153): CodeIgniter\Debug\Exceptions->errorHandler(8, 'Undefined varia...', '/var/www/html/s...', 153, Array)
#1 /var/www/html/screening/app/Libraries/GroceryCrud.php(231): App\Libraries\InterneticsLibrary->get_relation_n_n_input(Object(stdClass), Array)
#2 /var/www/html/screening/app/Libraries/InterneticsLibrary.php(292): App\Libraries\grocery_CRUD_Field_Types->get_field_input(Object(stdClass), Array)
#3 /var/www/html/screening/app/Libraries/GroceryCrud.php(1832): App\Libraries\InterneticsLibrary->get_edit_input_fields(Object(stdClass))
#4 /var/www/html/screening/app/Libraries/GroceryCrud.php(4532): App\Libraries\grocery_CRUD_Layout->showEditForm(Object(stdClass))
#5 /var/www/html/screening/app/Controllers/Product.php(167): App\Libraries\GroceryCrud->render()
#6 /var/www/html/screening/system/CodeIgniter.php(936): App\Controllers\Product->screening_management('edit', '1012')
#7 /var/www/html/screening/system/CodeIgniter.php(432): CodeIgniter\CodeIgniter->runController(Object(App\Controllers\Product))
#8 /var/www/html/screening/system/CodeIgniter.php(333): CodeIgniter\CodeIgniter->handleRequest(NULL, Object(Config\Cache), false)
#9 /var/www/html/screening/public/index.php(44): CodeIgniter\CodeIgniter->run()
#10 {main}
CRITICAL - 2021-09-09 17:01:32 --> Uncaught ErrorException: print_r(): Property access is not allowed yet in /var/www/html/screening/app/Views/errors/html/error_exception.php:100
Stack trace:
#0 [internal function]: CodeIgniter\Debug\Exceptions->errorHandler(2, 'print_r(): Prop...', '/var/www/html/s...', 100, Array)
#1 /var/www/html/screening/app/Views/errors/html/error_exception.php(100): print_r(Array, true)
#2 /var/www/html/screening/system/Debug/Exceptions.php(281): include('/var/www/html/s...')
#3 /var/www/html/screening/system/Debug/Exceptions.php(147): CodeIgniter\Debug\Exceptions->render(Object(ErrorException), 500)
#4 [internal function]: CodeIgniter\Debug\Exceptions->exceptionHandler(Object(ErrorException))
#5 {main}
  thrown
#0 [internal function]: CodeIgniter\Debug\Exceptions->shutdownHandler()
#1 {main}
CRITICAL - 2021-09-09 17:04:11 --> Undefined variable: movie
#0 /var/www/html/screening/app/Libraries/InterneticsLibrary.php(156): CodeIgniter\Debug\Exceptions->errorHandler(8, 'Undefined varia...', '/var/www/html/s...', 156, Array)
#1 /var/www/html/screening/app/Libraries/GroceryCrud.php(231): App\Libraries\InterneticsLibrary->get_relation_n_n_input(Object(stdClass), Array)
#2 /var/www/html/screening/app/Libraries/InterneticsLibrary.php(295): App\Libraries\grocery_CRUD_Field_Types->get_field_input(Object(stdClass), Array)
#3 /var/www/html/screening/app/Libraries/GroceryCrud.php(1832): App\Libraries\InterneticsLibrary->get_edit_input_fields(Object(stdClass))
#4 /var/www/html/screening/app/Libraries/GroceryCrud.php(4532): App\Libraries\grocery_CRUD_Layout->showEditForm(Object(stdClass))
#5 /var/www/html/screening/app/Controllers/Product.php(167): App\Libraries\GroceryCrud->render()
#6 /var/www/html/screening/system/CodeIgniter.php(936): App\Controllers\Product->screening_management('edit', '1012')
#7 /var/www/html/screening/system/CodeIgniter.php(432): CodeIgniter\CodeIgniter->runController(Object(App\Controllers\Product))
#8 /var/www/html/screening/system/CodeIgniter.php(333): CodeIgniter\CodeIgniter->handleRequest(NULL, Object(Config\Cache), false)
#9 /var/www/html/screening/public/index.php(44): CodeIgniter\CodeIgniter->run()
#10 {main}
CRITICAL - 2021-09-09 17:04:11 --> Uncaught ErrorException: print_r(): Property access is not allowed yet in /var/www/html/screening/app/Views/errors/html/error_exception.php:100
Stack trace:
#0 [internal function]: CodeIgniter\Debug\Exceptions->errorHandler(2, 'print_r(): Prop...', '/var/www/html/s...', 100, Array)
#1 /var/www/html/screening/app/Views/errors/html/error_exception.php(100): print_r(Array, true)
#2 /var/www/html/screening/system/Debug/Exceptions.php(281): include('/var/www/html/s...')
#3 /var/www/html/screening/system/Debug/Exceptions.php(147): CodeIgniter\Debug\Exceptions->render(Object(ErrorException), 500)
#4 [internal function]: CodeIgniter\Debug\Exceptions->exceptionHandler(Object(ErrorException))
#5 {main}
  thrown
#0 [internal function]: CodeIgniter\Debug\Exceptions->shutdownHandler()
#1 {main}
CRITICAL - 2021-09-09 19:01:54 --> Undefined variable: field_info_type
#0 /var/www/html/screening/app/Libraries/InterneticsLibrary.php(56): CodeIgniter\Debug\Exceptions->errorHandler(8, 'Undefined varia...', '/var/www/html/s...', 56, Array)
#1 /var/www/html/screening/app/Libraries/GroceryCrud.php(231): App\Libraries\InterneticsLibrary->get_multiselect_input(Object(stdClass), '2')
#2 /var/www/html/screening/app/Libraries/InterneticsLibrary.php(303): App\Libraries\grocery_CRUD_Field_Types->get_field_input(Object(stdClass), '2')
#3 /var/www/html/screening/app/Libraries/GroceryCrud.php(1832): App\Libraries\InterneticsLibrary->get_edit_input_fields(Object(stdClass))
#4 /var/www/html/screening/app/Libraries/GroceryCrud.php(4532): App\Libraries\grocery_CRUD_Layout->showEditForm(Object(stdClass))
#5 /var/www/html/screening/app/Controllers/Product.php(167): App\Libraries\GroceryCrud->render()
#6 /var/www/html/screening/system/CodeIgniter.php(936): App\Controllers\Product->screening_management('edit', '1012')
#7 /var/www/html/screening/system/CodeIgniter.php(432): CodeIgniter\CodeIgniter->runController(Object(App\Controllers\Product))
#8 /var/www/html/screening/system/CodeIgniter.php(333): CodeIgniter\CodeIgniter->handleRequest(NULL, Object(Config\Cache), false)
#9 /var/www/html/screening/public/index.php(44): CodeIgniter\CodeIgniter->run()
#10 {main}
CRITICAL - 2021-09-09 19:02:29 --> Undefined variable: field_info_type
#0 /var/www/html/screening/app/Libraries/InterneticsLibrary.php(56): CodeIgniter\Debug\Exceptions->errorHandler(8, 'Undefined varia...', '/var/www/html/s...', 56, Array)
#1 /var/www/html/screening/app/Libraries/GroceryCrud.php(231): App\Libraries\InterneticsLibrary->get_multiselect_input(Object(stdClass), '2')
#2 /var/www/html/screening/app/Libraries/InterneticsLibrary.php(303): App\Libraries\grocery_CRUD_Field_Types->get_field_input(Object(stdClass), '2')
#3 /var/www/html/screening/app/Libraries/GroceryCrud.php(1832): App\Libraries\InterneticsLibrary->get_edit_input_fields(Object(stdClass))
#4 /var/www/html/screening/app/Libraries/GroceryCrud.php(4532): App\Libraries\grocery_CRUD_Layout->showEditForm(Object(stdClass))
#5 /var/www/html/screening/app/Controllers/Product.php(167): App\Libraries\GroceryCrud->render()
#6 /var/www/html/screening/system/CodeIgniter.php(936): App\Controllers\Product->screening_management('edit', '1012')
#7 /var/www/html/screening/system/CodeIgniter.php(432): CodeIgniter\CodeIgniter->runController(Object(App\Controllers\Product))
#8 /var/www/html/screening/system/CodeIgniter.php(333): CodeIgniter\CodeIgniter->handleRequest(NULL, Object(Config\Cache), false)
#9 /var/www/html/screening/public/index.php(44): CodeIgniter\CodeIgniter->run()
#10 {main}
CRITICAL - 2021-09-09 19:03:08 --> Undefined variable: id
#0 /var/www/html/screening/app/Libraries/InterneticsLibrary.php(56): CodeIgniter\Debug\Exceptions->errorHandler(8, 'Undefined varia...', '/var/www/html/s...', 56, Array)
#1 /var/www/html/screening/app/Libraries/GroceryCrud.php(231): App\Libraries\InterneticsLibrary->get_multiselect_input(Object(stdClass), '2')
#2 /var/www/html/screening/app/Libraries/InterneticsLibrary.php(303): App\Libraries\grocery_CRUD_Field_Types->get_field_input(Object(stdClass), '2')
#3 /var/www/html/screening/app/Libraries/GroceryCrud.php(1832): App\Libraries\InterneticsLibrary->get_edit_input_fields(Object(stdClass))
#4 /var/www/html/screening/app/Libraries/GroceryCrud.php(4532): App\Libraries\grocery_CRUD_Layout->showEditForm(Object(stdClass))
#5 /var/www/html/screening/app/Controllers/Product.php(167): App\Libraries\GroceryCrud->render()
#6 /var/www/html/screening/system/CodeIgniter.php(936): App\Controllers\Product->screening_management('edit', '1012')
#7 /var/www/html/screening/system/CodeIgniter.php(432): CodeIgniter\CodeIgniter->runController(Object(App\Controllers\Product))
#8 /var/www/html/screening/system/CodeIgniter.php(333): CodeIgniter\CodeIgniter->handleRequest(NULL, Object(Config\Cache), false)
#9 /var/www/html/screening/public/index.php(44): CodeIgniter\CodeIgniter->run()
#10 {main}
CRITICAL - 2021-09-09 19:03:34 --> Undefined variable: field_info_type
#0 /var/www/html/screening/app/Libraries/InterneticsLibrary.php(54): CodeIgniter\Debug\Exceptions->errorHandler(8, 'Undefined varia...', '/var/www/html/s...', 54, Array)
#1 /var/www/html/screening/app/Libraries/GroceryCrud.php(231): App\Libraries\InterneticsLibrary->get_multiselect_input(Object(stdClass), '2')
#2 /var/www/html/screening/app/Libraries/InterneticsLibrary.php(298): App\Libraries\grocery_CRUD_Field_Types->get_field_input(Object(stdClass), '2')
#3 /var/www/html/screening/app/Libraries/GroceryCrud.php(1832): App\Libraries\InterneticsLibrary->get_edit_input_fields(Object(stdClass))
#4 /var/www/html/screening/app/Libraries/GroceryCrud.php(4532): App\Libraries\grocery_CRUD_Layout->showEditForm(Object(stdClass))
#5 /var/www/html/screening/app/Controllers/Product.php(167): App\Libraries\GroceryCrud->render()
#6 /var/www/html/screening/system/CodeIgniter.php(936): App\Controllers\Product->screening_management('edit', '1012')
#7 /var/www/html/screening/system/CodeIgniter.php(432): CodeIgniter\CodeIgniter->runController(Object(App\Controllers\Product))
#8 /var/www/html/screening/system/CodeIgniter.php(333): CodeIgniter\CodeIgniter->handleRequest(NULL, Object(Config\Cache), false)
#9 /var/www/html/screening/public/index.php(44): CodeIgniter\CodeIgniter->run()
#10 {main}
CRITICAL - 2021-09-09 21:48:31 --> No such file or directory
#0 /var/www/html/screening/app/Libraries/InterneticsLibrary.php(51): mysqli_connect('localhost', 'interne1_screen...', 'Ne]e6ho+3y5!', 'interne1_screen...')
#1 /var/www/html/screening/app/Libraries/GroceryCrud.php(231): App\Libraries\InterneticsLibrary->get_multiselect_input(Object(stdClass), '2')
#2 /var/www/html/screening/app/Libraries/InterneticsLibrary.php(299): App\Libraries\grocery_CRUD_Field_Types->get_field_input(Object(stdClass), '2')
#3 /var/www/html/screening/app/Libraries/GroceryCrud.php(1832): App\Libraries\InterneticsLibrary->get_edit_input_fields(Object(stdClass))
#4 /var/www/html/screening/app/Libraries/GroceryCrud.php(4532): App\Libraries\grocery_CRUD_Layout->showEditForm(Object(stdClass))
#5 /var/www/html/screening/app/Controllers/Product.php(167): App\Libraries\GroceryCrud->render()
#6 /var/www/html/screening/system/CodeIgniter.php(936): App\Controllers\Product->screening_management('edit', '1012')
#7 /var/www/html/screening/system/CodeIgniter.php(432): CodeIgniter\CodeIgniter->runController(Object(App\Controllers\Product))
#8 /var/www/html/screening/system/CodeIgniter.php(333): CodeIgniter\CodeIgniter->handleRequest(NULL, Object(Config\Cache), false)
#9 /var/www/html/screening/public/index.php(44): CodeIgniter\CodeIgniter->run()
#10 {main}
CRITICAL - 2021-09-09 21:48:37 --> No such file or directory
#0 /var/www/html/screening/app/Libraries/InterneticsLibrary.php(51): mysqli_connect('localhost', 'interne1_screen...', 'Ne]e6ho+3y5!', 'interne1_screen...')
#1 /var/www/html/screening/app/Libraries/GroceryCrud.php(231): App\Libraries\InterneticsLibrary->get_multiselect_input(Object(stdClass), '2')
#2 /var/www/html/screening/app/Libraries/InterneticsLibrary.php(299): App\Libraries\grocery_CRUD_Field_Types->get_field_input(Object(stdClass), '2')
#3 /var/www/html/screening/app/Libraries/GroceryCrud.php(1832): App\Libraries\InterneticsLibrary->get_edit_input_fields(Object(stdClass))
#4 /var/www/html/screening/app/Libraries/GroceryCrud.php(4532): App\Libraries\grocery_CRUD_Layout->showEditForm(Object(stdClass))
#5 /var/www/html/screening/app/Controllers/Product.php(167): App\Libraries\GroceryCrud->render()
#6 /var/www/html/screening/system/CodeIgniter.php(936): App\Controllers\Product->screening_management('edit', '1012')
#7 /var/www/html/screening/system/CodeIgniter.php(432): CodeIgniter\CodeIgniter->runController(Object(App\Controllers\Product))
#8 /var/www/html/screening/system/CodeIgniter.php(333): CodeIgniter\CodeIgniter->handleRequest(NULL, Object(Config\Cache), false)
#9 /var/www/html/screening/public/index.php(44): CodeIgniter\CodeIgniter->run()
#10 {main}
