CRITICAL - 2021-09-21 22:26:57 --> unlink(/var/www/html/screening/writable/debugbar/debugbar_1631236620.json): No such file or directory
#0 [internal function]: CodeIgniter\Debug\Exceptions->errorHandler(2, 'unlink(/var/www...', '/var/www/html/s...', 78, Array)
#1 /var/www/html/screening/system/Debug/Toolbar/Collectors/History.php(78): unlink('/var/www/html/s...')
#2 /var/www/html/screening/system/Debug/Toolbar.php(441): CodeIgniter\Debug\Toolbar\Collectors\History->setFiles(1632281216, 20)
#3 /var/www/html/screening/system/Debug/Toolbar.php(413): CodeIgniter\Debug\Toolbar->format(Array, 'html')
#4 /var/www/html/screening/app/Config/Events.php(52): CodeIgniter\Debug\Toolbar->respond()
#5 [internal function]: CodeIgniter\Events\Events::Config\{closure}()
#6 /var/www/html/screening/system/Events/Events.php(166): call_user_func(Object(Closure))
#7 /var/www/html/screening/system/CodeIgniter.php(314): CodeIgniter\Events\Events::trigger('pre_system')
#8 /var/www/html/screening/public/index.php(44): CodeIgniter\CodeIgniter->run()
#9 {main}
CRITICAL - 2021-09-21 22:54:41 --> Undefined property: CodeIgniter\Autoloader\Autoloader::$load
#0 /var/www/html/screening/app/Libraries/InterneticsLibrary.php(3): CodeIgniter\Debug\Exceptions->errorHandler(8, 'Undefined prope...', '/var/www/html/s...', 3, Array)
#1 /var/www/html/screening/system/Autoloader/Autoloader.php(294): include_once('/var/www/html/s...')
#2 /var/www/html/screening/system/Autoloader/Autoloader.php(265): CodeIgniter\Autoloader\Autoloader->includeFile('/var/www/html/s...')
#3 /var/www/html/screening/system/Autoloader/Autoloader.php(228): CodeIgniter\Autoloader\Autoloader->loadInNamespace('App\\Libraries\\I...')
#4 [internal function]: CodeIgniter\Autoloader\Autoloader->loadClass('App\\Libraries\\I...')
#5 /var/www/html/screening/app/Controllers/Product.php(44): spl_autoload_call('App\\Libraries\\I...')
#6 /var/www/html/screening/system/CodeIgniter.php(936): App\Controllers\Product->screening_management('edit', '1012')
#7 /var/www/html/screening/system/CodeIgniter.php(432): CodeIgniter\CodeIgniter->runController(Object(App\Controllers\Product))
#8 /var/www/html/screening/system/CodeIgniter.php(333): CodeIgniter\CodeIgniter->handleRequest(NULL, Object(Config\Cache), false)
#9 /var/www/html/screening/public/index.php(44): CodeIgniter\CodeIgniter->run()
#10 {main}
ERROR - 2021-09-21 22:56:18 --> mysqli_sql_exception: Table 'interne1_screening.my_table' doesn't exist in /var/www/html/screening/system/Database/MySQLi/Connection.php:314
Stack trace:
#0 /var/www/html/screening/system/Database/MySQLi/Connection.php(314): mysqli->query('SELECT name, ti...')
#1 /var/www/html/screening/system/Database/BaseConnection.php(713): CodeIgniter\Database\MySQLi\Connection->execute('SELECT name, ti...')
#2 /var/www/html/screening/system/Database/BaseConnection.php(641): CodeIgniter\Database\BaseConnection->simpleQuery('SELECT name, ti...')
#3 /var/www/html/screening/app/Libraries/InterneticsLibrary.php(4): CodeIgniter\Database\BaseConnection->query('SELECT name, ti...')
#4 /var/www/html/screening/system/Autoloader/Autoloader.php(294): include_once('/var/www/html/s...')
#5 /var/www/html/screening/system/Autoloader/Autoloader.php(265): CodeIgniter\Autoloader\Autoloader->includeFile('/var/www/html/s...')
#6 /var/www/html/screening/system/Autoloader/Autoloader.php(228): CodeIgniter\Autoloader\Autoloader->loadInNamespace('App\\Libraries\\I...')
#7 [internal function]: CodeIgniter\Autoloader\Autoloader->loadClass('App\\Libraries\\I...')
#8 /var/www/html/screening/app/Controllers/Product.php(44): spl_autoload_call('App\\Libraries\\I...')
#9 /var/www/html/screening/system/CodeIgniter.php(936): App\Controllers\Product->screening_management('edit', '1012')
#10 /var/www/html/screening/system/CodeIgniter.php(432): CodeIgniter\CodeIgniter->runController(Object(App\Controllers\Product))
#11 /var/www/html/screening/system/CodeIgniter.php(333): CodeIgniter\CodeIgniter->handleRequest(NULL, Object(Config\Cache), false)
#12 /var/www/html/screening/public/index.php(44): CodeIgniter\CodeIgniter->run()
#13 {main}
CRITICAL - 2021-09-21 22:56:18 --> Table 'interne1_screening.my_table' doesn't exist
#0 /var/www/html/screening/system/Database/MySQLi/Connection.php(314): mysqli->query('SELECT name, ti...')
#1 /var/www/html/screening/system/Database/BaseConnection.php(713): CodeIgniter\Database\MySQLi\Connection->execute('SELECT name, ti...')
#2 /var/www/html/screening/system/Database/BaseConnection.php(641): CodeIgniter\Database\BaseConnection->simpleQuery('SELECT name, ti...')
#3 /var/www/html/screening/app/Libraries/InterneticsLibrary.php(4): CodeIgniter\Database\BaseConnection->query('SELECT name, ti...')
#4 /var/www/html/screening/system/Autoloader/Autoloader.php(294): include_once('/var/www/html/s...')
#5 /var/www/html/screening/system/Autoloader/Autoloader.php(265): CodeIgniter\Autoloader\Autoloader->includeFile('/var/www/html/s...')
#6 /var/www/html/screening/system/Autoloader/Autoloader.php(228): CodeIgniter\Autoloader\Autoloader->loadInNamespace('App\\Libraries\\I...')
#7 [internal function]: CodeIgniter\Autoloader\Autoloader->loadClass('App\\Libraries\\I...')
#8 /var/www/html/screening/app/Controllers/Product.php(44): spl_autoload_call('App\\Libraries\\I...')
#9 /var/www/html/screening/system/CodeIgniter.php(936): App\Controllers\Product->screening_management('edit', '1012')
#10 /var/www/html/screening/system/CodeIgniter.php(432): CodeIgniter\CodeIgniter->runController(Object(App\Controllers\Product))
#11 /var/www/html/screening/system/CodeIgniter.php(333): CodeIgniter\CodeIgniter->handleRequest(NULL, Object(Config\Cache), false)
#12 /var/www/html/screening/public/index.php(44): CodeIgniter\CodeIgniter->run()
#13 {main}
ERROR - 2021-09-21 22:57:08 --> mysqli_sql_exception: Unknown column 'title' in 'field list' in /var/www/html/screening/system/Database/MySQLi/Connection.php:314
Stack trace:
#0 /var/www/html/screening/system/Database/MySQLi/Connection.php(314): mysqli->query('SELECT name, ti...')
#1 /var/www/html/screening/system/Database/BaseConnection.php(713): CodeIgniter\Database\MySQLi\Connection->execute('SELECT name, ti...')
#2 /var/www/html/screening/system/Database/BaseConnection.php(641): CodeIgniter\Database\BaseConnection->simpleQuery('SELECT name, ti...')
#3 /var/www/html/screening/app/Libraries/InterneticsLibrary.php(4): CodeIgniter\Database\BaseConnection->query('SELECT name, ti...')
#4 /var/www/html/screening/system/Autoloader/Autoloader.php(294): include_once('/var/www/html/s...')
#5 /var/www/html/screening/system/Autoloader/Autoloader.php(265): CodeIgniter\Autoloader\Autoloader->includeFile('/var/www/html/s...')
#6 /var/www/html/screening/system/Autoloader/Autoloader.php(228): CodeIgniter\Autoloader\Autoloader->loadInNamespace('App\\Libraries\\I...')
#7 [internal function]: CodeIgniter\Autoloader\Autoloader->loadClass('App\\Libraries\\I...')
#8 /var/www/html/screening/app/Controllers/Product.php(44): spl_autoload_call('App\\Libraries\\I...')
#9 /var/www/html/screening/system/CodeIgniter.php(936): App\Controllers\Product->screening_management('edit', '1012')
#10 /var/www/html/screening/system/CodeIgniter.php(432): CodeIgniter\CodeIgniter->runController(Object(App\Controllers\Product))
#11 /var/www/html/screening/system/CodeIgniter.php(333): CodeIgniter\CodeIgniter->handleRequest(NULL, Object(Config\Cache), false)
#12 /var/www/html/screening/public/index.php(44): CodeIgniter\CodeIgniter->run()
#13 {main}
CRITICAL - 2021-09-21 22:57:08 --> Unknown column 'title' in 'field list'
#0 /var/www/html/screening/system/Database/MySQLi/Connection.php(314): mysqli->query('SELECT name, ti...')
#1 /var/www/html/screening/system/Database/BaseConnection.php(713): CodeIgniter\Database\MySQLi\Connection->execute('SELECT name, ti...')
#2 /var/www/html/screening/system/Database/BaseConnection.php(641): CodeIgniter\Database\BaseConnection->simpleQuery('SELECT name, ti...')
#3 /var/www/html/screening/app/Libraries/InterneticsLibrary.php(4): CodeIgniter\Database\BaseConnection->query('SELECT name, ti...')
#4 /var/www/html/screening/system/Autoloader/Autoloader.php(294): include_once('/var/www/html/s...')
#5 /var/www/html/screening/system/Autoloader/Autoloader.php(265): CodeIgniter\Autoloader\Autoloader->includeFile('/var/www/html/s...')
#6 /var/www/html/screening/system/Autoloader/Autoloader.php(228): CodeIgniter\Autoloader\Autoloader->loadInNamespace('App\\Libraries\\I...')
#7 [internal function]: CodeIgniter\Autoloader\Autoloader->loadClass('App\\Libraries\\I...')
#8 /var/www/html/screening/app/Controllers/Product.php(44): spl_autoload_call('App\\Libraries\\I...')
#9 /var/www/html/screening/system/CodeIgniter.php(936): App\Controllers\Product->screening_management('edit', '1012')
#10 /var/www/html/screening/system/CodeIgniter.php(432): CodeIgniter\CodeIgniter->runController(Object(App\Controllers\Product))
#11 /var/www/html/screening/system/CodeIgniter.php(333): CodeIgniter\CodeIgniter->handleRequest(NULL, Object(Config\Cache), false)
#12 /var/www/html/screening/public/index.php(44): CodeIgniter\CodeIgniter->run()
#13 {main}
CRITICAL - 2021-09-21 23:00:51 --> Undefined variable: conn
#0 /var/www/html/screening/app/Libraries/InterneticsLibrary.php(4): CodeIgniter\Debug\Exceptions->errorHandler(8, 'Undefined varia...', '/var/www/html/s...', 4, Array)
#1 /var/www/html/screening/system/Autoloader/Autoloader.php(294): include_once('/var/www/html/s...')
#2 /var/www/html/screening/system/Autoloader/Autoloader.php(265): CodeIgniter\Autoloader\Autoloader->includeFile('/var/www/html/s...')
#3 /var/www/html/screening/system/Autoloader/Autoloader.php(228): CodeIgniter\Autoloader\Autoloader->loadInNamespace('App\\Libraries\\I...')
#4 [internal function]: CodeIgniter\Autoloader\Autoloader->loadClass('App\\Libraries\\I...')
#5 /var/www/html/screening/app/Controllers/Product.php(44): spl_autoload_call('App\\Libraries\\I...')
#6 /var/www/html/screening/system/CodeIgniter.php(936): App\Controllers\Product->screening_management('edit', '1012')
#7 /var/www/html/screening/system/CodeIgniter.php(432): CodeIgniter\CodeIgniter->runController(Object(App\Controllers\Product))
#8 /var/www/html/screening/system/CodeIgniter.php(333): CodeIgniter\CodeIgniter->handleRequest(NULL, Object(Config\Cache), false)
#9 /var/www/html/screening/public/index.php(44): CodeIgniter\CodeIgniter->run()
#10 {main}
CRITICAL - 2021-09-21 23:01:14 --> Undefined variable: field_info
#0 /var/www/html/screening/app/Libraries/InterneticsLibrary.php(4): CodeIgniter\Debug\Exceptions->errorHandler(8, 'Undefined varia...', '/var/www/html/s...', 4, Array)
#1 /var/www/html/screening/system/Autoloader/Autoloader.php(294): include_once('/var/www/html/s...')
#2 /var/www/html/screening/system/Autoloader/Autoloader.php(265): CodeIgniter\Autoloader\Autoloader->includeFile('/var/www/html/s...')
#3 /var/www/html/screening/system/Autoloader/Autoloader.php(228): CodeIgniter\Autoloader\Autoloader->loadInNamespace('App\\Libraries\\I...')
#4 [internal function]: CodeIgniter\Autoloader\Autoloader->loadClass('App\\Libraries\\I...')
#5 /var/www/html/screening/app/Controllers/Product.php(44): spl_autoload_call('App\\Libraries\\I...')
#6 /var/www/html/screening/system/CodeIgniter.php(936): App\Controllers\Product->screening_management('edit', '1012')
#7 /var/www/html/screening/system/CodeIgniter.php(432): CodeIgniter\CodeIgniter->runController(Object(App\Controllers\Product))
#8 /var/www/html/screening/system/CodeIgniter.php(333): CodeIgniter\CodeIgniter->handleRequest(NULL, Object(Config\Cache), false)
#9 /var/www/html/screening/public/index.php(44): CodeIgniter\CodeIgniter->run()
#10 {main}
CRITICAL - 2021-09-21 23:02:19 --> Call to undefined method CodeIgniter\Database\MySQLi\Result::fetch_object()
#0 /var/www/html/screening/app/Libraries/GroceryCrud.php(231): App\Libraries\InterneticsLibrary->get_multiselect_input(Object(stdClass), '2')
#1 /var/www/html/screening/app/Libraries/InterneticsLibrary.php(307): App\Libraries\grocery_CRUD_Field_Types->get_field_input(Object(stdClass), '2')
#2 /var/www/html/screening/app/Libraries/GroceryCrud.php(1832): App\Libraries\InterneticsLibrary->get_edit_input_fields(Object(stdClass))
#3 /var/www/html/screening/app/Libraries/GroceryCrud.php(4532): App\Libraries\grocery_CRUD_Layout->showEditForm(Object(stdClass))
#4 /var/www/html/screening/app/Controllers/Product.php(167): App\Libraries\GroceryCrud->render()
#5 /var/www/html/screening/system/CodeIgniter.php(936): App\Controllers\Product->screening_management('edit', '1012')
#6 /var/www/html/screening/system/CodeIgniter.php(432): CodeIgniter\CodeIgniter->runController(Object(App\Controllers\Product))
#7 /var/www/html/screening/system/CodeIgniter.php(333): CodeIgniter\CodeIgniter->handleRequest(NULL, Object(Config\Cache), false)
#8 /var/www/html/screening/public/index.php(44): CodeIgniter\CodeIgniter->run()
#9 {main}
CRITICAL - 2021-09-21 23:03:45 --> Call to undefined method CodeIgniter\Database\MySQLi\Result::fetch_object()
#0 /var/www/html/screening/app/Libraries/GroceryCrud.php(231): App\Libraries\InterneticsLibrary->get_multiselect_input(Object(stdClass), '2')
#1 /var/www/html/screening/app/Libraries/InterneticsLibrary.php(302): App\Libraries\grocery_CRUD_Field_Types->get_field_input(Object(stdClass), '2')
#2 /var/www/html/screening/app/Libraries/GroceryCrud.php(1832): App\Libraries\InterneticsLibrary->get_edit_input_fields(Object(stdClass))
#3 /var/www/html/screening/app/Libraries/GroceryCrud.php(4532): App\Libraries\grocery_CRUD_Layout->showEditForm(Object(stdClass))
#4 /var/www/html/screening/app/Controllers/Product.php(167): App\Libraries\GroceryCrud->render()
#5 /var/www/html/screening/system/CodeIgniter.php(936): App\Controllers\Product->screening_management('edit', '1012')
#6 /var/www/html/screening/system/CodeIgniter.php(432): CodeIgniter\CodeIgniter->runController(Object(App\Controllers\Product))
#7 /var/www/html/screening/system/CodeIgniter.php(333): CodeIgniter\CodeIgniter->handleRequest(NULL, Object(Config\Cache), false)
#8 /var/www/html/screening/public/index.php(44): CodeIgniter\CodeIgniter->run()
#9 {main}
CRITICAL - 2021-09-21 23:05:28 --> Call to undefined method CodeIgniter\Database\MySQLi\Result::fetch_object()
#0 /var/www/html/screening/app/Libraries/GroceryCrud.php(231): App\Libraries\InterneticsLibrary->get_multiselect_input(Object(stdClass), '2')
#1 /var/www/html/screening/app/Libraries/InterneticsLibrary.php(304): App\Libraries\grocery_CRUD_Field_Types->get_field_input(Object(stdClass), '2')
#2 /var/www/html/screening/app/Libraries/GroceryCrud.php(1832): App\Libraries\InterneticsLibrary->get_edit_input_fields(Object(stdClass))
#3 /var/www/html/screening/app/Libraries/GroceryCrud.php(4532): App\Libraries\grocery_CRUD_Layout->showEditForm(Object(stdClass))
#4 /var/www/html/screening/app/Controllers/Product.php(167): App\Libraries\GroceryCrud->render()
#5 /var/www/html/screening/system/CodeIgniter.php(936): App\Controllers\Product->screening_management('edit', '1012')
#6 /var/www/html/screening/system/CodeIgniter.php(432): CodeIgniter\CodeIgniter->runController(Object(App\Controllers\Product))
#7 /var/www/html/screening/system/CodeIgniter.php(333): CodeIgniter\CodeIgniter->handleRequest(NULL, Object(Config\Cache), false)
#8 /var/www/html/screening/public/index.php(44): CodeIgniter\CodeIgniter->run()
#9 {main}
CRITICAL - 2021-09-21 23:06:20 --> Call to undefined method CodeIgniter\Database\MySQLi\Result::fetch_object()
#0 /var/www/html/screening/app/Libraries/GroceryCrud.php(231): App\Libraries\InterneticsLibrary->get_multiselect_input(Object(stdClass), '2')
#1 /var/www/html/screening/app/Libraries/InterneticsLibrary.php(300): App\Libraries\grocery_CRUD_Field_Types->get_field_input(Object(stdClass), '2')
#2 /var/www/html/screening/app/Libraries/GroceryCrud.php(1832): App\Libraries\InterneticsLibrary->get_edit_input_fields(Object(stdClass))
#3 /var/www/html/screening/app/Libraries/GroceryCrud.php(4532): App\Libraries\grocery_CRUD_Layout->showEditForm(Object(stdClass))
#4 /var/www/html/screening/app/Controllers/Product.php(167): App\Libraries\GroceryCrud->render()
#5 /var/www/html/screening/system/CodeIgniter.php(936): App\Controllers\Product->screening_management('edit', '1012')
#6 /var/www/html/screening/system/CodeIgniter.php(432): CodeIgniter\CodeIgniter->runController(Object(App\Controllers\Product))
#7 /var/www/html/screening/system/CodeIgniter.php(333): CodeIgniter\CodeIgniter->handleRequest(NULL, Object(Config\Cache), false)
#8 /var/www/html/screening/public/index.php(44): CodeIgniter\CodeIgniter->run()
#9 {main}
CRITICAL - 2021-09-21 23:06:59 --> syntax error, unexpected '$input' (T_VARIABLE)
#0 /var/www/html/screening/system/Autoloader/Autoloader.php(265): CodeIgniter\Autoloader\Autoloader->includeFile('/var/www/html/s...')
#1 /var/www/html/screening/system/Autoloader/Autoloader.php(228): CodeIgniter\Autoloader\Autoloader->loadInNamespace('App\\Libraries\\I...')
#2 [internal function]: CodeIgniter\Autoloader\Autoloader->loadClass('App\\Libraries\\I...')
#3 /var/www/html/screening/app/Controllers/Product.php(44): spl_autoload_call('App\\Libraries\\I...')
#4 /var/www/html/screening/system/CodeIgniter.php(936): App\Controllers\Product->screening_management('edit', '1012')
#5 /var/www/html/screening/system/CodeIgniter.php(432): CodeIgniter\CodeIgniter->runController(Object(App\Controllers\Product))
#6 /var/www/html/screening/system/CodeIgniter.php(333): CodeIgniter\CodeIgniter->handleRequest(NULL, Object(Config\Cache), false)
#7 /var/www/html/screening/public/index.php(44): CodeIgniter\CodeIgniter->run()
#8 {main}
CRITICAL - 2021-09-21 23:07:26 --> Object of class CodeIgniter\Database\MySQLi\Result could not be converted to string
#0 /var/www/html/screening/app/Libraries/GroceryCrud.php(231): App\Libraries\InterneticsLibrary->get_multiselect_input(Object(stdClass), '2')
#1 /var/www/html/screening/app/Libraries/InterneticsLibrary.php(304): App\Libraries\grocery_CRUD_Field_Types->get_field_input(Object(stdClass), '2')
#2 /var/www/html/screening/app/Libraries/GroceryCrud.php(1832): App\Libraries\InterneticsLibrary->get_edit_input_fields(Object(stdClass))
#3 /var/www/html/screening/app/Libraries/GroceryCrud.php(4532): App\Libraries\grocery_CRUD_Layout->showEditForm(Object(stdClass))
#4 /var/www/html/screening/app/Controllers/Product.php(167): App\Libraries\GroceryCrud->render()
#5 /var/www/html/screening/system/CodeIgniter.php(936): App\Controllers\Product->screening_management('edit', '1012')
#6 /var/www/html/screening/system/CodeIgniter.php(432): CodeIgniter\CodeIgniter->runController(Object(App\Controllers\Product))
#7 /var/www/html/screening/system/CodeIgniter.php(333): CodeIgniter\CodeIgniter->handleRequest(NULL, Object(Config\Cache), false)
#8 /var/www/html/screening/public/index.php(44): CodeIgniter\CodeIgniter->run()
#9 {main}
CRITICAL - 2021-09-21 23:12:47 --> Call to undefined method CodeIgniter\Database\MySQLi\Result::fetch_object()
#0 /var/www/html/screening/app/Libraries/GroceryCrud.php(231): App\Libraries\InterneticsLibrary->get_multiselect_input(Object(stdClass), '2')
#1 /var/www/html/screening/app/Libraries/InterneticsLibrary.php(304): App\Libraries\grocery_CRUD_Field_Types->get_field_input(Object(stdClass), '2')
#2 /var/www/html/screening/app/Libraries/GroceryCrud.php(1832): App\Libraries\InterneticsLibrary->get_edit_input_fields(Object(stdClass))
#3 /var/www/html/screening/app/Libraries/GroceryCrud.php(4532): App\Libraries\grocery_CRUD_Layout->showEditForm(Object(stdClass))
#4 /var/www/html/screening/app/Controllers/Product.php(167): App\Libraries\GroceryCrud->render()
#5 /var/www/html/screening/system/CodeIgniter.php(936): App\Controllers\Product->screening_management('edit', '1012')
#6 /var/www/html/screening/system/CodeIgniter.php(432): CodeIgniter\CodeIgniter->runController(Object(App\Controllers\Product))
#7 /var/www/html/screening/system/CodeIgniter.php(333): CodeIgniter\CodeIgniter->handleRequest(NULL, Object(Config\Cache), false)
#8 /var/www/html/screening/public/index.php(44): CodeIgniter\CodeIgniter->run()
#9 {main}
CRITICAL - 2021-09-21 23:21:10 --> Undefined property: CodeIgniter\Database\MySQLi\Result::$image
#0 /var/www/html/screening/app/Libraries/InterneticsLibrary.php(41): CodeIgniter\Debug\Exceptions->errorHandler(8, 'Undefined prope...', '/var/www/html/s...', 41, Array)
#1 /var/www/html/screening/app/Libraries/GroceryCrud.php(231): App\Libraries\InterneticsLibrary->get_multiselect_input(Object(stdClass), '2')
#2 /var/www/html/screening/app/Libraries/InterneticsLibrary.php(304): App\Libraries\grocery_CRUD_Field_Types->get_field_input(Object(stdClass), '2')
#3 /var/www/html/screening/app/Libraries/GroceryCrud.php(1832): App\Libraries\InterneticsLibrary->get_edit_input_fields(Object(stdClass))
#4 /var/www/html/screening/app/Libraries/GroceryCrud.php(4532): App\Libraries\grocery_CRUD_Layout->showEditForm(Object(stdClass))
#5 /var/www/html/screening/app/Controllers/Product.php(167): App\Libraries\GroceryCrud->render()
#6 /var/www/html/screening/system/CodeIgniter.php(936): App\Controllers\Product->screening_management('edit', '1012')
#7 /var/www/html/screening/system/CodeIgniter.php(432): CodeIgniter\CodeIgniter->runController(Object(App\Controllers\Product))
#8 /var/www/html/screening/system/CodeIgniter.php(333): CodeIgniter\CodeIgniter->handleRequest(NULL, Object(Config\Cache), false)
#9 /var/www/html/screening/public/index.php(44): CodeIgniter\CodeIgniter->run()
#10 {main}
CRITICAL - 2021-09-21 23:21:10 --> Uncaught ErrorException: print_r(): Property access is not allowed yet in /var/www/html/screening/app/Views/errors/html/error_exception.php:100
Stack trace:
#0 [internal function]: CodeIgniter\Debug\Exceptions->errorHandler(2, 'print_r(): Prop...', '/var/www/html/s...', 100, Array)
#1 /var/www/html/screening/app/Views/errors/html/error_exception.php(100): print_r(Array, true)
#2 /var/www/html/screening/system/Debug/Exceptions.php(281): include('/var/www/html/s...')
#3 /var/www/html/screening/system/Debug/Exceptions.php(147): CodeIgniter\Debug\Exceptions->render(Object(ErrorException), 500)
#4 [internal function]: CodeIgniter\Debug\Exceptions->exceptionHandler(Object(ErrorException))
#5 {main}
  thrown
#0 [internal function]: CodeIgniter\Debug\Exceptions->shutdownHandler()
#1 {main}
CRITICAL - 2021-09-21 23:21:30 --> Call to undefined method CodeIgniter\Database\MySQLi\Result::fetch_object()
#0 /var/www/html/screening/app/Libraries/GroceryCrud.php(231): App\Libraries\InterneticsLibrary->get_multiselect_input(Object(stdClass), '2')
#1 /var/www/html/screening/app/Libraries/InterneticsLibrary.php(304): App\Libraries\grocery_CRUD_Field_Types->get_field_input(Object(stdClass), '2')
#2 /var/www/html/screening/app/Libraries/GroceryCrud.php(1832): App\Libraries\InterneticsLibrary->get_edit_input_fields(Object(stdClass))
#3 /var/www/html/screening/app/Libraries/GroceryCrud.php(4532): App\Libraries\grocery_CRUD_Layout->showEditForm(Object(stdClass))
#4 /var/www/html/screening/app/Controllers/Product.php(167): App\Libraries\GroceryCrud->render()
#5 /var/www/html/screening/system/CodeIgniter.php(936): App\Controllers\Product->screening_management('edit', '1012')
#6 /var/www/html/screening/system/CodeIgniter.php(432): CodeIgniter\CodeIgniter->runController(Object(App\Controllers\Product))
#7 /var/www/html/screening/system/CodeIgniter.php(333): CodeIgniter\CodeIgniter->handleRequest(NULL, Object(Config\Cache), false)
#8 /var/www/html/screening/public/index.php(44): CodeIgniter\CodeIgniter->run()
#9 {main}
CRITICAL - 2021-09-21 23:31:58 --> Object of class CodeIgniter\Database\MySQLi\Result could not be converted to string
#0 /var/www/html/screening/app/Libraries/GroceryCrud.php(231): App\Libraries\InterneticsLibrary->get_multiselect_input(Object(stdClass), '2')
#1 /var/www/html/screening/app/Libraries/InterneticsLibrary.php(304): App\Libraries\grocery_CRUD_Field_Types->get_field_input(Object(stdClass), '2')
#2 /var/www/html/screening/app/Libraries/GroceryCrud.php(1832): App\Libraries\InterneticsLibrary->get_edit_input_fields(Object(stdClass))
#3 /var/www/html/screening/app/Libraries/GroceryCrud.php(4532): App\Libraries\grocery_CRUD_Layout->showEditForm(Object(stdClass))
#4 /var/www/html/screening/app/Controllers/Product.php(167): App\Libraries\GroceryCrud->render()
#5 /var/www/html/screening/system/CodeIgniter.php(936): App\Controllers\Product->screening_management('edit', '1012')
#6 /var/www/html/screening/system/CodeIgniter.php(432): CodeIgniter\CodeIgniter->runController(Object(App\Controllers\Product))
#7 /var/www/html/screening/system/CodeIgniter.php(333): CodeIgniter\CodeIgniter->handleRequest(NULL, Object(Config\Cache), false)
#8 /var/www/html/screening/public/index.php(44): CodeIgniter\CodeIgniter->run()
#9 {main}
CRITICAL - 2021-09-21 23:32:01 --> Object of class CodeIgniter\Database\MySQLi\Result could not be converted to string
#0 /var/www/html/screening/app/Libraries/GroceryCrud.php(231): App\Libraries\InterneticsLibrary->get_multiselect_input(Object(stdClass), '2')
#1 /var/www/html/screening/app/Libraries/InterneticsLibrary.php(304): App\Libraries\grocery_CRUD_Field_Types->get_field_input(Object(stdClass), '2')
#2 /var/www/html/screening/app/Libraries/GroceryCrud.php(1832): App\Libraries\InterneticsLibrary->get_edit_input_fields(Object(stdClass))
#3 /var/www/html/screening/app/Libraries/GroceryCrud.php(4532): App\Libraries\grocery_CRUD_Layout->showEditForm(Object(stdClass))
#4 /var/www/html/screening/app/Controllers/Product.php(167): App\Libraries\GroceryCrud->render()
#5 /var/www/html/screening/system/CodeIgniter.php(936): App\Controllers\Product->screening_management('edit', '1012')
#6 /var/www/html/screening/system/CodeIgniter.php(432): CodeIgniter\CodeIgniter->runController(Object(App\Controllers\Product))
#7 /var/www/html/screening/system/CodeIgniter.php(333): CodeIgniter\CodeIgniter->handleRequest(NULL, Object(Config\Cache), false)
#8 /var/www/html/screening/public/index.php(44): CodeIgniter\CodeIgniter->run()
#9 {main}
CRITICAL - 2021-09-21 23:33:18 --> Undefined property: CodeIgniter\Database\MySQLi\Result::$image
#0 /var/www/html/screening/app/Libraries/InterneticsLibrary.php(42): CodeIgniter\Debug\Exceptions->errorHandler(8, 'Undefined prope...', '/var/www/html/s...', 42, Array)
#1 /var/www/html/screening/app/Libraries/GroceryCrud.php(231): App\Libraries\InterneticsLibrary->get_multiselect_input(Object(stdClass), '2')
#2 /var/www/html/screening/app/Libraries/InterneticsLibrary.php(304): App\Libraries\grocery_CRUD_Field_Types->get_field_input(Object(stdClass), '2')
#3 /var/www/html/screening/app/Libraries/GroceryCrud.php(1832): App\Libraries\InterneticsLibrary->get_edit_input_fields(Object(stdClass))
#4 /var/www/html/screening/app/Libraries/GroceryCrud.php(4532): App\Libraries\grocery_CRUD_Layout->showEditForm(Object(stdClass))
#5 /var/www/html/screening/app/Controllers/Product.php(167): App\Libraries\GroceryCrud->render()
#6 /var/www/html/screening/system/CodeIgniter.php(936): App\Controllers\Product->screening_management('edit', '1012')
#7 /var/www/html/screening/system/CodeIgniter.php(432): CodeIgniter\CodeIgniter->runController(Object(App\Controllers\Product))
#8 /var/www/html/screening/system/CodeIgniter.php(333): CodeIgniter\CodeIgniter->handleRequest(NULL, Object(Config\Cache), false)
#9 /var/www/html/screening/public/index.php(44): CodeIgniter\CodeIgniter->run()
#10 {main}
CRITICAL - 2021-09-21 23:33:18 --> Uncaught ErrorException: print_r(): Property access is not allowed yet in /var/www/html/screening/app/Views/errors/html/error_exception.php:100
Stack trace:
#0 [internal function]: CodeIgniter\Debug\Exceptions->errorHandler(2, 'print_r(): Prop...', '/var/www/html/s...', 100, Array)
#1 /var/www/html/screening/app/Views/errors/html/error_exception.php(100): print_r(Array, true)
#2 /var/www/html/screening/system/Debug/Exceptions.php(281): include('/var/www/html/s...')
#3 /var/www/html/screening/system/Debug/Exceptions.php(147): CodeIgniter\Debug\Exceptions->render(Object(ErrorException), 500)
#4 [internal function]: CodeIgniter\Debug\Exceptions->exceptionHandler(Object(ErrorException))
#5 {main}
  thrown
#0 [internal function]: CodeIgniter\Debug\Exceptions->shutdownHandler()
#1 {main}
CRITICAL - 2021-09-21 23:33:49 --> Undefined property: CodeIgniter\Database\MySQLi\Result::$image
#0 /var/www/html/screening/app/Libraries/InterneticsLibrary.php(42): CodeIgniter\Debug\Exceptions->errorHandler(8, 'Undefined prope...', '/var/www/html/s...', 42, Array)
#1 /var/www/html/screening/app/Libraries/GroceryCrud.php(231): App\Libraries\InterneticsLibrary->get_multiselect_input(Object(stdClass), '2')
#2 /var/www/html/screening/app/Libraries/InterneticsLibrary.php(304): App\Libraries\grocery_CRUD_Field_Types->get_field_input(Object(stdClass), '2')
#3 /var/www/html/screening/app/Libraries/GroceryCrud.php(1832): App\Libraries\InterneticsLibrary->get_edit_input_fields(Object(stdClass))
#4 /var/www/html/screening/app/Libraries/GroceryCrud.php(4532): App\Libraries\grocery_CRUD_Layout->showEditForm(Object(stdClass))
#5 /var/www/html/screening/app/Controllers/Product.php(167): App\Libraries\GroceryCrud->render()
#6 /var/www/html/screening/system/CodeIgniter.php(936): App\Controllers\Product->screening_management('edit', '1012')
#7 /var/www/html/screening/system/CodeIgniter.php(432): CodeIgniter\CodeIgniter->runController(Object(App\Controllers\Product))
#8 /var/www/html/screening/system/CodeIgniter.php(333): CodeIgniter\CodeIgniter->handleRequest(NULL, Object(Config\Cache), false)
#9 /var/www/html/screening/public/index.php(44): CodeIgniter\CodeIgniter->run()
#10 {main}
CRITICAL - 2021-09-21 23:33:49 --> Uncaught ErrorException: print_r(): Property access is not allowed yet in /var/www/html/screening/app/Views/errors/html/error_exception.php:100
Stack trace:
#0 [internal function]: CodeIgniter\Debug\Exceptions->errorHandler(2, 'print_r(): Prop...', '/var/www/html/s...', 100, Array)
#1 /var/www/html/screening/app/Views/errors/html/error_exception.php(100): print_r(Array, true)
#2 /var/www/html/screening/system/Debug/Exceptions.php(281): include('/var/www/html/s...')
#3 /var/www/html/screening/system/Debug/Exceptions.php(147): CodeIgniter\Debug\Exceptions->render(Object(ErrorException), 500)
#4 [internal function]: CodeIgniter\Debug\Exceptions->exceptionHandler(Object(ErrorException))
#5 {main}
  thrown
#0 [internal function]: CodeIgniter\Debug\Exceptions->shutdownHandler()
#1 {main}
CRITICAL - 2021-09-21 23:34:27 --> Call to undefined method CodeIgniter\Database\MySQLi\Result::fetch_object()
#0 /var/www/html/screening/app/Libraries/GroceryCrud.php(231): App\Libraries\InterneticsLibrary->get_multiselect_input(Object(stdClass), '2')
#1 /var/www/html/screening/app/Libraries/InterneticsLibrary.php(304): App\Libraries\grocery_CRUD_Field_Types->get_field_input(Object(stdClass), '2')
#2 /var/www/html/screening/app/Libraries/GroceryCrud.php(1832): App\Libraries\InterneticsLibrary->get_edit_input_fields(Object(stdClass))
#3 /var/www/html/screening/app/Libraries/GroceryCrud.php(4532): App\Libraries\grocery_CRUD_Layout->showEditForm(Object(stdClass))
#4 /var/www/html/screening/app/Controllers/Product.php(167): App\Libraries\GroceryCrud->render()
#5 /var/www/html/screening/system/CodeIgniter.php(936): App\Controllers\Product->screening_management('edit', '1012')
#6 /var/www/html/screening/system/CodeIgniter.php(432): CodeIgniter\CodeIgniter->runController(Object(App\Controllers\Product))
#7 /var/www/html/screening/system/CodeIgniter.php(333): CodeIgniter\CodeIgniter->handleRequest(NULL, Object(Config\Cache), false)
#8 /var/www/html/screening/public/index.php(44): CodeIgniter\CodeIgniter->run()
#9 {main}
CRITICAL - 2021-09-21 23:34:48 --> Call to undefined method CodeIgniter\Database\MySQLi\Result::fetch_object()
#0 /var/www/html/screening/app/Libraries/GroceryCrud.php(231): App\Libraries\InterneticsLibrary->get_multiselect_input(Object(stdClass), '2')
#1 /var/www/html/screening/app/Libraries/InterneticsLibrary.php(304): App\Libraries\grocery_CRUD_Field_Types->get_field_input(Object(stdClass), '2')
#2 /var/www/html/screening/app/Libraries/GroceryCrud.php(1832): App\Libraries\InterneticsLibrary->get_edit_input_fields(Object(stdClass))
#3 /var/www/html/screening/app/Libraries/GroceryCrud.php(4532): App\Libraries\grocery_CRUD_Layout->showEditForm(Object(stdClass))
#4 /var/www/html/screening/app/Controllers/Product.php(167): App\Libraries\GroceryCrud->render()
#5 /var/www/html/screening/system/CodeIgniter.php(936): App\Controllers\Product->screening_management('edit', '1012')
#6 /var/www/html/screening/system/CodeIgniter.php(432): CodeIgniter\CodeIgniter->runController(Object(App\Controllers\Product))
#7 /var/www/html/screening/system/CodeIgniter.php(333): CodeIgniter\CodeIgniter->handleRequest(NULL, Object(Config\Cache), false)
#8 /var/www/html/screening/public/index.php(44): CodeIgniter\CodeIgniter->run()
#9 {main}
CRITICAL - 2021-09-21 23:35:09 --> Call to undefined method CodeIgniter\Database\MySQLi\Result::fetch_object()
#0 /var/www/html/screening/app/Libraries/GroceryCrud.php(231): App\Libraries\InterneticsLibrary->get_multiselect_input(Object(stdClass), '2')
#1 /var/www/html/screening/app/Libraries/InterneticsLibrary.php(304): App\Libraries\grocery_CRUD_Field_Types->get_field_input(Object(stdClass), '2')
#2 /var/www/html/screening/app/Libraries/GroceryCrud.php(1832): App\Libraries\InterneticsLibrary->get_edit_input_fields(Object(stdClass))
#3 /var/www/html/screening/app/Libraries/GroceryCrud.php(4532): App\Libraries\grocery_CRUD_Layout->showEditForm(Object(stdClass))
#4 /var/www/html/screening/app/Controllers/Product.php(167): App\Libraries\GroceryCrud->render()
#5 /var/www/html/screening/system/CodeIgniter.php(936): App\Controllers\Product->screening_management('edit', '1012')
#6 /var/www/html/screening/system/CodeIgniter.php(432): CodeIgniter\CodeIgniter->runController(Object(App\Controllers\Product))
#7 /var/www/html/screening/system/CodeIgniter.php(333): CodeIgniter\CodeIgniter->handleRequest(NULL, Object(Config\Cache), false)
#8 /var/www/html/screening/public/index.php(44): CodeIgniter\CodeIgniter->run()
#9 {main}
CRITICAL - 2021-09-21 23:35:37 --> Undefined property: CodeIgniter\Database\MySQLi\Result::$row
#0 /var/www/html/screening/app/Libraries/InterneticsLibrary.php(41): CodeIgniter\Debug\Exceptions->errorHandler(8, 'Undefined prope...', '/var/www/html/s...', 41, Array)
#1 /var/www/html/screening/app/Libraries/GroceryCrud.php(231): App\Libraries\InterneticsLibrary->get_multiselect_input(Object(stdClass), '2')
#2 /var/www/html/screening/app/Libraries/InterneticsLibrary.php(304): App\Libraries\grocery_CRUD_Field_Types->get_field_input(Object(stdClass), '2')
#3 /var/www/html/screening/app/Libraries/GroceryCrud.php(1832): App\Libraries\InterneticsLibrary->get_edit_input_fields(Object(stdClass))
#4 /var/www/html/screening/app/Libraries/GroceryCrud.php(4532): App\Libraries\grocery_CRUD_Layout->showEditForm(Object(stdClass))
#5 /var/www/html/screening/app/Controllers/Product.php(167): App\Libraries\GroceryCrud->render()
#6 /var/www/html/screening/system/CodeIgniter.php(936): App\Controllers\Product->screening_management('edit', '1012')
#7 /var/www/html/screening/system/CodeIgniter.php(432): CodeIgniter\CodeIgniter->runController(Object(App\Controllers\Product))
#8 /var/www/html/screening/system/CodeIgniter.php(333): CodeIgniter\CodeIgniter->handleRequest(NULL, Object(Config\Cache), false)
#9 /var/www/html/screening/public/index.php(44): CodeIgniter\CodeIgniter->run()
#10 {main}
CRITICAL - 2021-09-21 23:35:37 --> Uncaught ErrorException: print_r(): Property access is not allowed yet in /var/www/html/screening/app/Views/errors/html/error_exception.php:100
Stack trace:
#0 [internal function]: CodeIgniter\Debug\Exceptions->errorHandler(2, 'print_r(): Prop...', '/var/www/html/s...', 100, Array)
#1 /var/www/html/screening/app/Views/errors/html/error_exception.php(100): print_r(Array, true)
#2 /var/www/html/screening/system/Debug/Exceptions.php(281): include('/var/www/html/s...')
#3 /var/www/html/screening/system/Debug/Exceptions.php(147): CodeIgniter\Debug\Exceptions->render(Object(ErrorException), 500)
#4 [internal function]: CodeIgniter\Debug\Exceptions->exceptionHandler(Object(ErrorException))
#5 {main}
  thrown
#0 [internal function]: CodeIgniter\Debug\Exceptions->shutdownHandler()
#1 {main}
CRITICAL - 2021-09-21 23:35:46 --> Call to undefined method CodeIgniter\Database\MySQLi\Result::fetch_object()
#0 /var/www/html/screening/app/Libraries/GroceryCrud.php(231): App\Libraries\InterneticsLibrary->get_multiselect_input(Object(stdClass), '2')
#1 /var/www/html/screening/app/Libraries/InterneticsLibrary.php(304): App\Libraries\grocery_CRUD_Field_Types->get_field_input(Object(stdClass), '2')
#2 /var/www/html/screening/app/Libraries/GroceryCrud.php(1832): App\Libraries\InterneticsLibrary->get_edit_input_fields(Object(stdClass))
#3 /var/www/html/screening/app/Libraries/GroceryCrud.php(4532): App\Libraries\grocery_CRUD_Layout->showEditForm(Object(stdClass))
#4 /var/www/html/screening/app/Controllers/Product.php(167): App\Libraries\GroceryCrud->render()
#5 /var/www/html/screening/system/CodeIgniter.php(936): App\Controllers\Product->screening_management('edit', '1012')
#6 /var/www/html/screening/system/CodeIgniter.php(432): CodeIgniter\CodeIgniter->runController(Object(App\Controllers\Product))
#7 /var/www/html/screening/system/CodeIgniter.php(333): CodeIgniter\CodeIgniter->handleRequest(NULL, Object(Config\Cache), false)
#8 /var/www/html/screening/public/index.php(44): CodeIgniter\CodeIgniter->run()
#9 {main}
CRITICAL - 2021-09-21 23:36:23 --> Call to undefined method CodeIgniter\Database\MySQLi\Result::fetch_object()
#0 /var/www/html/screening/app/Libraries/GroceryCrud.php(231): App\Libraries\InterneticsLibrary->get_multiselect_input(Object(stdClass), '2')
#1 /var/www/html/screening/app/Libraries/InterneticsLibrary.php(304): App\Libraries\grocery_CRUD_Field_Types->get_field_input(Object(stdClass), '2')
#2 /var/www/html/screening/app/Libraries/GroceryCrud.php(1832): App\Libraries\InterneticsLibrary->get_edit_input_fields(Object(stdClass))
#3 /var/www/html/screening/app/Libraries/GroceryCrud.php(4532): App\Libraries\grocery_CRUD_Layout->showEditForm(Object(stdClass))
#4 /var/www/html/screening/app/Controllers/Product.php(167): App\Libraries\GroceryCrud->render()
#5 /var/www/html/screening/system/CodeIgniter.php(936): App\Controllers\Product->screening_management('edit', '1012')
#6 /var/www/html/screening/system/CodeIgniter.php(432): CodeIgniter\CodeIgniter->runController(Object(App\Controllers\Product))
#7 /var/www/html/screening/system/CodeIgniter.php(333): CodeIgniter\CodeIgniter->handleRequest(NULL, Object(Config\Cache), false)
#8 /var/www/html/screening/public/index.php(44): CodeIgniter\CodeIgniter->run()
#9 {main}
CRITICAL - 2021-09-21 23:36:23 --> Call to undefined method CodeIgniter\Database\MySQLi\Result::fetch_object()
#0 /var/www/html/screening/app/Libraries/GroceryCrud.php(231): App\Libraries\InterneticsLibrary->get_multiselect_input(Object(stdClass), '2')
#1 /var/www/html/screening/app/Libraries/InterneticsLibrary.php(304): App\Libraries\grocery_CRUD_Field_Types->get_field_input(Object(stdClass), '2')
#2 /var/www/html/screening/app/Libraries/GroceryCrud.php(1832): App\Libraries\InterneticsLibrary->get_edit_input_fields(Object(stdClass))
#3 /var/www/html/screening/app/Libraries/GroceryCrud.php(4532): App\Libraries\grocery_CRUD_Layout->showEditForm(Object(stdClass))
#4 /var/www/html/screening/app/Controllers/Product.php(167): App\Libraries\GroceryCrud->render()
#5 /var/www/html/screening/system/CodeIgniter.php(936): App\Controllers\Product->screening_management('edit', '1012')
#6 /var/www/html/screening/system/CodeIgniter.php(432): CodeIgniter\CodeIgniter->runController(Object(App\Controllers\Product))
#7 /var/www/html/screening/system/CodeIgniter.php(333): CodeIgniter\CodeIgniter->handleRequest(NULL, Object(Config\Cache), false)
#8 /var/www/html/screening/public/index.php(44): CodeIgniter\CodeIgniter->run()
#9 {main}
CRITICAL - 2021-09-21 23:36:25 --> Call to undefined method CodeIgniter\Database\MySQLi\Result::fetch_object()
#0 /var/www/html/screening/app/Libraries/GroceryCrud.php(231): App\Libraries\InterneticsLibrary->get_multiselect_input(Object(stdClass), '2')
#1 /var/www/html/screening/app/Libraries/InterneticsLibrary.php(304): App\Libraries\grocery_CRUD_Field_Types->get_field_input(Object(stdClass), '2')
#2 /var/www/html/screening/app/Libraries/GroceryCrud.php(1832): App\Libraries\InterneticsLibrary->get_edit_input_fields(Object(stdClass))
#3 /var/www/html/screening/app/Libraries/GroceryCrud.php(4532): App\Libraries\grocery_CRUD_Layout->showEditForm(Object(stdClass))
#4 /var/www/html/screening/app/Controllers/Product.php(167): App\Libraries\GroceryCrud->render()
#5 /var/www/html/screening/system/CodeIgniter.php(936): App\Controllers\Product->screening_management('edit', '1012')
#6 /var/www/html/screening/system/CodeIgniter.php(432): CodeIgniter\CodeIgniter->runController(Object(App\Controllers\Product))
#7 /var/www/html/screening/system/CodeIgniter.php(333): CodeIgniter\CodeIgniter->handleRequest(NULL, Object(Config\Cache), false)
#8 /var/www/html/screening/public/index.php(44): CodeIgniter\CodeIgniter->run()
#9 {main}
CRITICAL - 2021-09-21 23:40:33 --> syntax error, unexpected '$db' (T_VARIABLE)
#0 /var/www/html/screening/system/Autoloader/Autoloader.php(265): CodeIgniter\Autoloader\Autoloader->includeFile('/var/www/html/s...')
#1 /var/www/html/screening/system/Autoloader/Autoloader.php(228): CodeIgniter\Autoloader\Autoloader->loadInNamespace('App\\Libraries\\I...')
#2 [internal function]: CodeIgniter\Autoloader\Autoloader->loadClass('App\\Libraries\\I...')
#3 /var/www/html/screening/app/Controllers/Product.php(44): spl_autoload_call('App\\Libraries\\I...')
#4 /var/www/html/screening/system/CodeIgniter.php(936): App\Controllers\Product->screening_management('edit', '1012')
#5 /var/www/html/screening/system/CodeIgniter.php(432): CodeIgniter\CodeIgniter->runController(Object(App\Controllers\Product))
#6 /var/www/html/screening/system/CodeIgniter.php(333): CodeIgniter\CodeIgniter->handleRequest(NULL, Object(Config\Cache), false)
#7 /var/www/html/screening/public/index.php(44): CodeIgniter\CodeIgniter->run()
#8 {main}
CRITICAL - 2021-09-21 23:42:00 --> Undefined property: stdClass::$name
#0 /var/www/html/screening/app/Libraries/InterneticsLibrary.php(151): CodeIgniter\Debug\Exceptions->errorHandler(8, 'Undefined prope...', '/var/www/html/s...', 151, Array)
#1 /var/www/html/screening/app/Libraries/GroceryCrud.php(231): App\Libraries\InterneticsLibrary->get_relation_n_n_input(Object(stdClass), Array)
#2 /var/www/html/screening/app/Libraries/InterneticsLibrary.php(311): App\Libraries\grocery_CRUD_Field_Types->get_field_input(Object(stdClass), Array)
#3 /var/www/html/screening/app/Libraries/GroceryCrud.php(1832): App\Libraries\InterneticsLibrary->get_edit_input_fields(Object(stdClass))
#4 /var/www/html/screening/app/Libraries/GroceryCrud.php(4532): App\Libraries\grocery_CRUD_Layout->showEditForm(Object(stdClass))
#5 /var/www/html/screening/app/Controllers/Product.php(167): App\Libraries\GroceryCrud->render()
#6 /var/www/html/screening/system/CodeIgniter.php(936): App\Controllers\Product->screening_management('edit', '1012')
#7 /var/www/html/screening/system/CodeIgniter.php(432): CodeIgniter\CodeIgniter->runController(Object(App\Controllers\Product))
#8 /var/www/html/screening/system/CodeIgniter.php(333): CodeIgniter\CodeIgniter->handleRequest(NULL, Object(Config\Cache), false)
#9 /var/www/html/screening/public/index.php(44): CodeIgniter\CodeIgniter->run()
#10 {main}
CRITICAL - 2021-09-21 23:43:51 --> Undefined variable: db
#0 /var/www/html/screening/app/Libraries/InterneticsLibrary.php(54): CodeIgniter\Debug\Exceptions->errorHandler(8, 'Undefined varia...', '/var/www/html/s...', 54, Array)
#1 /var/www/html/screening/app/Libraries/GroceryCrud.php(231): App\Libraries\InterneticsLibrary->get_multiselect_input(Object(stdClass), '2')
#2 /var/www/html/screening/app/Libraries/InterneticsLibrary.php(301): App\Libraries\grocery_CRUD_Field_Types->get_field_input(Object(stdClass), '2')
#3 /var/www/html/screening/app/Libraries/GroceryCrud.php(1832): App\Libraries\InterneticsLibrary->get_edit_input_fields(Object(stdClass))
#4 /var/www/html/screening/app/Libraries/GroceryCrud.php(4532): App\Libraries\grocery_CRUD_Layout->showEditForm(Object(stdClass))
#5 /var/www/html/screening/app/Controllers/Product.php(167): App\Libraries\GroceryCrud->render()
#6 /var/www/html/screening/system/CodeIgniter.php(936): App\Controllers\Product->screening_management('edit', '1012')
#7 /var/www/html/screening/system/CodeIgniter.php(432): CodeIgniter\CodeIgniter->runController(Object(App\Controllers\Product))
#8 /var/www/html/screening/system/CodeIgniter.php(333): CodeIgniter\CodeIgniter->handleRequest(NULL, Object(Config\Cache), false)
#9 /var/www/html/screening/public/index.php(44): CodeIgniter\CodeIgniter->run()
#10 {main}
CRITICAL - 2021-09-21 23:45:00 --> Undefined property: stdClass::$name
#0 /var/www/html/screening/app/Libraries/InterneticsLibrary.php(150): CodeIgniter\Debug\Exceptions->errorHandler(8, 'Undefined prope...', '/var/www/html/s...', 150, Array)
#1 /var/www/html/screening/app/Libraries/GroceryCrud.php(231): App\Libraries\InterneticsLibrary->get_relation_n_n_input(Object(stdClass), Array)
#2 /var/www/html/screening/app/Libraries/InterneticsLibrary.php(302): App\Libraries\grocery_CRUD_Field_Types->get_field_input(Object(stdClass), Array)
#3 /var/www/html/screening/app/Libraries/GroceryCrud.php(1832): App\Libraries\InterneticsLibrary->get_edit_input_fields(Object(stdClass))
#4 /var/www/html/screening/app/Libraries/GroceryCrud.php(4532): App\Libraries\grocery_CRUD_Layout->showEditForm(Object(stdClass))
#5 /var/www/html/screening/app/Controllers/Product.php(167): App\Libraries\GroceryCrud->render()
#6 /var/www/html/screening/system/CodeIgniter.php(936): App\Controllers\Product->screening_management('edit', '1012')
#7 /var/www/html/screening/system/CodeIgniter.php(432): CodeIgniter\CodeIgniter->runController(Object(App\Controllers\Product))
#8 /var/www/html/screening/system/CodeIgniter.php(333): CodeIgniter\CodeIgniter->handleRequest(NULL, Object(Config\Cache), false)
#9 /var/www/html/screening/public/index.php(44): CodeIgniter\CodeIgniter->run()
#10 {main}
CRITICAL - 2021-09-21 23:46:31 --> Undefined variable: movie
#0 /var/www/html/screening/app/Libraries/InterneticsLibrary.php(164): CodeIgniter\Debug\Exceptions->errorHandler(8, 'Undefined varia...', '/var/www/html/s...', 164, Array)
#1 /var/www/html/screening/app/Libraries/GroceryCrud.php(231): App\Libraries\InterneticsLibrary->get_relation_n_n_input(Object(stdClass), Array)
#2 /var/www/html/screening/app/Libraries/InterneticsLibrary.php(307): App\Libraries\grocery_CRUD_Field_Types->get_field_input(Object(stdClass), Array)
#3 /var/www/html/screening/app/Libraries/GroceryCrud.php(1832): App\Libraries\InterneticsLibrary->get_edit_input_fields(Object(stdClass))
#4 /var/www/html/screening/app/Libraries/GroceryCrud.php(4532): App\Libraries\grocery_CRUD_Layout->showEditForm(Object(stdClass))
#5 /var/www/html/screening/app/Controllers/Product.php(167): App\Libraries\GroceryCrud->render()
#6 /var/www/html/screening/system/CodeIgniter.php(936): App\Controllers\Product->screening_management('edit', '1012')
#7 /var/www/html/screening/system/CodeIgniter.php(432): CodeIgniter\CodeIgniter->runController(Object(App\Controllers\Product))
#8 /var/www/html/screening/system/CodeIgniter.php(333): CodeIgniter\CodeIgniter->handleRequest(NULL, Object(Config\Cache), false)
#9 /var/www/html/screening/public/index.php(44): CodeIgniter\CodeIgniter->run()
#10 {main}
CRITICAL - 2021-09-21 23:46:42 --> Undefined variable: db
#0 /var/www/html/screening/app/Libraries/InterneticsLibrary.php(153): CodeIgniter\Debug\Exceptions->errorHandler(8, 'Undefined varia...', '/var/www/html/s...', 153, Array)
#1 /var/www/html/screening/app/Libraries/GroceryCrud.php(231): App\Libraries\InterneticsLibrary->get_relation_n_n_input(Object(stdClass), Array)
#2 /var/www/html/screening/app/Libraries/InterneticsLibrary.php(307): App\Libraries\grocery_CRUD_Field_Types->get_field_input(Object(stdClass), Array)
#3 /var/www/html/screening/app/Libraries/GroceryCrud.php(1832): App\Libraries\InterneticsLibrary->get_edit_input_fields(Object(stdClass))
#4 /var/www/html/screening/app/Libraries/GroceryCrud.php(4532): App\Libraries\grocery_CRUD_Layout->showEditForm(Object(stdClass))
#5 /var/www/html/screening/app/Controllers/Product.php(167): App\Libraries\GroceryCrud->render()
#6 /var/www/html/screening/system/CodeIgniter.php(936): App\Controllers\Product->screening_management('edit', '1012')
#7 /var/www/html/screening/system/CodeIgniter.php(432): CodeIgniter\CodeIgniter->runController(Object(App\Controllers\Product))
#8 /var/www/html/screening/system/CodeIgniter.php(333): CodeIgniter\CodeIgniter->handleRequest(NULL, Object(Config\Cache), false)
#9 /var/www/html/screening/public/index.php(44): CodeIgniter\CodeIgniter->run()
#10 {main}
