CRITICAL - 2021-08-25 01:57:40 --> Unknown column 'movie' in 'field list'
#0 /var/www/html/screening/app/Libraries/InterneticsLibrary.php(52): mysqli->query('SELECT image AN...')
#1 /var/www/html/screening/app/Libraries/GroceryCrud.php(231): App\Libraries\InterneticsLibrary->get_multiselect_input(Object(stdClass), '2')
#2 /var/www/html/screening/app/Libraries/InterneticsLibrary.php(287): App\Libraries\grocery_CRUD_Field_Types->get_field_input(Object(stdClass), '2')
#3 /var/www/html/screening/app/Libraries/GroceryCrud.php(1832): App\Libraries\InterneticsLibrary->get_edit_input_fields(Object(stdClass))
#4 /var/www/html/screening/app/Libraries/GroceryCrud.php(4532): App\Libraries\grocery_CRUD_Layout->showEditForm(Object(stdClass))
#5 /var/www/html/screening/app/Controllers/Product.php(167): App\Libraries\GroceryCrud->render()
#6 /var/www/html/screening/system/CodeIgniter.php(936): App\Controllers\Product->screening_management('edit', '1012')
#7 /var/www/html/screening/system/CodeIgniter.php(432): CodeIgniter\CodeIgniter->runController(Object(App\Controllers\Product))
#8 /var/www/html/screening/system/CodeIgniter.php(333): CodeIgniter\CodeIgniter->handleRequest(NULL, Object(Config\Cache), false)
#9 /var/www/html/screening/public/index.php(44): CodeIgniter\CodeIgniter->run()
#10 {main}
CRITICAL - 2021-08-25 02:02:39 --> Undefined property: stdClass::$image
#0 /var/www/html/screening/app/Libraries/InterneticsLibrary.php(52): CodeIgniter\Debug\Exceptions->errorHandler(8, 'Undefined prope...', '/var/www/html/s...', 52, Array)
#1 /var/www/html/screening/app/Libraries/GroceryCrud.php(231): App\Libraries\InterneticsLibrary->get_multiselect_input(Object(stdClass), '2')
#2 /var/www/html/screening/app/Libraries/InterneticsLibrary.php(287): App\Libraries\grocery_CRUD_Field_Types->get_field_input(Object(stdClass), '2')
#3 /var/www/html/screening/app/Libraries/GroceryCrud.php(1832): App\Libraries\InterneticsLibrary->get_edit_input_fields(Object(stdClass))
#4 /var/www/html/screening/app/Libraries/GroceryCrud.php(4532): App\Libraries\grocery_CRUD_Layout->showEditForm(Object(stdClass))
#5 /var/www/html/screening/app/Controllers/Product.php(167): App\Libraries\GroceryCrud->render()
#6 /var/www/html/screening/system/CodeIgniter.php(936): App\Controllers\Product->screening_management('edit', '1012')
#7 /var/www/html/screening/system/CodeIgniter.php(432): CodeIgniter\CodeIgniter->runController(Object(App\Controllers\Product))
#8 /var/www/html/screening/system/CodeIgniter.php(333): CodeIgniter\CodeIgniter->handleRequest(NULL, Object(Config\Cache), false)
#9 /var/www/html/screening/public/index.php(44): CodeIgniter\CodeIgniter->run()
#10 {main}
CRITICAL - 2021-08-25 02:03:50 --> Unknown column 'movie' in 'field list'
#0 /var/www/html/screening/app/Libraries/InterneticsLibrary.php(169): mysqli->query('SELECT image,mo...')
#1 /var/www/html/screening/app/Libraries/GroceryCrud.php(231): App\Libraries\InterneticsLibrary->get_relation_n_n_input(Object(stdClass), Array)
#2 /var/www/html/screening/app/Libraries/InterneticsLibrary.php(287): App\Libraries\grocery_CRUD_Field_Types->get_field_input(Object(stdClass), Array)
#3 /var/www/html/screening/app/Libraries/GroceryCrud.php(1832): App\Libraries\InterneticsLibrary->get_edit_input_fields(Object(stdClass))
#4 /var/www/html/screening/app/Libraries/GroceryCrud.php(4532): App\Libraries\grocery_CRUD_Layout->showEditForm(Object(stdClass))
#5 /var/www/html/screening/app/Controllers/Product.php(167): App\Libraries\GroceryCrud->render()
#6 /var/www/html/screening/system/CodeIgniter.php(936): App\Controllers\Product->screening_management('edit', '1012')
#7 /var/www/html/screening/system/CodeIgniter.php(432): CodeIgniter\CodeIgniter->runController(Object(App\Controllers\Product))
#8 /var/www/html/screening/system/CodeIgniter.php(333): CodeIgniter\CodeIgniter->handleRequest(NULL, Object(Config\Cache), false)
#9 /var/www/html/screening/public/index.php(44): CodeIgniter\CodeIgniter->run()
#10 {main}
CRITICAL - 2021-08-25 02:10:26 --> syntax error, unexpected ';'
#0 /var/www/html/screening/system/Autoloader/Autoloader.php(265): CodeIgniter\Autoloader\Autoloader->includeFile('/var/www/html/s...')
#1 /var/www/html/screening/system/Autoloader/Autoloader.php(228): CodeIgniter\Autoloader\Autoloader->loadInNamespace('App\\Libraries\\I...')
#2 [internal function]: CodeIgniter\Autoloader\Autoloader->loadClass('App\\Libraries\\I...')
#3 /var/www/html/screening/app/Controllers/Product.php(44): spl_autoload_call('App\\Libraries\\I...')
#4 /var/www/html/screening/system/CodeIgniter.php(936): App\Controllers\Product->screening_management('edit', '1012')
#5 /var/www/html/screening/system/CodeIgniter.php(432): CodeIgniter\CodeIgniter->runController(Object(App\Controllers\Product))
#6 /var/www/html/screening/system/CodeIgniter.php(333): CodeIgniter\CodeIgniter->handleRequest(NULL, Object(Config\Cache), false)
#7 /var/www/html/screening/public/index.php(44): CodeIgniter\CodeIgniter->run()
#8 {main}
CRITICAL - 2021-08-25 02:11:14 --> Undefined variable: movie
#0 /var/www/html/screening/app/Libraries/InterneticsLibrary.php(60): CodeIgniter\Debug\Exceptions->errorHandler(8, 'Undefined varia...', '/var/www/html/s...', 60, Array)
#1 /var/www/html/screening/app/Libraries/GroceryCrud.php(231): App\Libraries\InterneticsLibrary->get_multiselect_input(Object(stdClass), '2')
#2 /var/www/html/screening/app/Libraries/InterneticsLibrary.php(289): App\Libraries\grocery_CRUD_Field_Types->get_field_input(Object(stdClass), '2')
#3 /var/www/html/screening/app/Libraries/GroceryCrud.php(1832): App\Libraries\InterneticsLibrary->get_edit_input_fields(Object(stdClass))
#4 /var/www/html/screening/app/Libraries/GroceryCrud.php(4532): App\Libraries\grocery_CRUD_Layout->showEditForm(Object(stdClass))
#5 /var/www/html/screening/app/Controllers/Product.php(167): App\Libraries\GroceryCrud->render()
#6 /var/www/html/screening/system/CodeIgniter.php(936): App\Controllers\Product->screening_management('edit', '1012')
#7 /var/www/html/screening/system/CodeIgniter.php(432): CodeIgniter\CodeIgniter->runController(Object(App\Controllers\Product))
#8 /var/www/html/screening/system/CodeIgniter.php(333): CodeIgniter\CodeIgniter->handleRequest(NULL, Object(Config\Cache), false)
#9 /var/www/html/screening/public/index.php(44): CodeIgniter\CodeIgniter->run()
#10 {main}
CRITICAL - 2021-08-25 02:11:14 --> Uncaught ErrorException: print_r(): Property access is not allowed yet in /var/www/html/screening/app/Views/errors/html/error_exception.php:100
Stack trace:
#0 [internal function]: CodeIgniter\Debug\Exceptions->errorHandler(2, 'print_r(): Prop...', '/var/www/html/s...', 100, Array)
#1 /var/www/html/screening/app/Views/errors/html/error_exception.php(100): print_r(Array, true)
#2 /var/www/html/screening/system/Debug/Exceptions.php(281): include('/var/www/html/s...')
#3 /var/www/html/screening/system/Debug/Exceptions.php(147): CodeIgniter\Debug\Exceptions->render(Object(ErrorException), 500)
#4 [internal function]: CodeIgniter\Debug\Exceptions->exceptionHandler(Object(ErrorException))
#5 {main}
  thrown
#0 [internal function]: CodeIgniter\Debug\Exceptions->shutdownHandler()
#1 {main}
