ERROR - 2021-08-18 17:24:01 --> Error connecting to the database: Connection timed out
CRITICAL - 2021-08-18 17:24:01 --> Unable to connect to the database.
#0 /var/www/html/screening/system/Database/BaseConnection.php(618): CodeIgniter\Database\BaseConnection->initialize()
#1 /var/www/html/screening/system/Database/BaseConnection.php(1532): CodeIgniter\Database\BaseConnection->query('SHOW TABLES FRO...')
#2 /var/www/html/screening/system/Database/BaseConnection.php(1575): CodeIgniter\Database\BaseConnection->listTables()
#3 /var/www/html/screening/app/Models/GroceryCrudModel.php(43): CodeIgniter\Database\BaseConnection->tableExists('screenings')
#4 /var/www/html/screening/app/Libraries/GroceryCrud.php(635): App\Models\GroceryCrudModel->db_table_exists('screenings')
#5 /var/www/html/screening/app/Libraries/GroceryCrud.php(4970): App\Libraries\grocery_CRUD_Model_Driver->table_exists('screenings')
#6 /var/www/html/screening/app/Libraries/GroceryCrud.php(4450): App\Libraries\GroceryCrud->get_table()
#7 /var/www/html/screening/app/Libraries/GroceryCrud.php(4467): App\Libraries\GroceryCrud->pre_render()
#8 /var/www/html/screening/app/Controllers/Product.php(167): App\Libraries\GroceryCrud->render()
#9 /var/www/html/screening/system/CodeIgniter.php(936): App\Controllers\Product->screening_management('edit', '1012')
#10 /var/www/html/screening/system/CodeIgniter.php(432): CodeIgniter\CodeIgniter->runController(Object(App\Controllers\Product))
#11 /var/www/html/screening/system/CodeIgniter.php(333): CodeIgniter\CodeIgniter->handleRequest(NULL, Object(Config\Cache), false)
#12 /var/www/html/screening/public/index.php(44): CodeIgniter\CodeIgniter->run()
#13 {main}
ERROR - 2021-08-18 17:25:03 --> Error connecting to the database: No such file or directory
CRITICAL - 2021-08-18 17:25:03 --> Unable to connect to the database.
#0 /var/www/html/screening/system/Database/BaseConnection.php(618): CodeIgniter\Database\BaseConnection->initialize()
#1 /var/www/html/screening/system/Database/BaseConnection.php(1532): CodeIgniter\Database\BaseConnection->query('SHOW TABLES FRO...')
#2 /var/www/html/screening/system/Database/BaseConnection.php(1575): CodeIgniter\Database\BaseConnection->listTables()
#3 /var/www/html/screening/app/Models/GroceryCrudModel.php(43): CodeIgniter\Database\BaseConnection->tableExists('screenings')
#4 /var/www/html/screening/app/Libraries/GroceryCrud.php(635): App\Models\GroceryCrudModel->db_table_exists('screenings')
#5 /var/www/html/screening/app/Libraries/GroceryCrud.php(4970): App\Libraries\grocery_CRUD_Model_Driver->table_exists('screenings')
#6 /var/www/html/screening/app/Libraries/GroceryCrud.php(4450): App\Libraries\GroceryCrud->get_table()
#7 /var/www/html/screening/app/Libraries/GroceryCrud.php(4467): App\Libraries\GroceryCrud->pre_render()
#8 /var/www/html/screening/app/Controllers/Product.php(167): App\Libraries\GroceryCrud->render()
#9 /var/www/html/screening/system/CodeIgniter.php(936): App\Controllers\Product->screening_management('edit', '1012')
#10 /var/www/html/screening/system/CodeIgniter.php(432): CodeIgniter\CodeIgniter->runController(Object(App\Controllers\Product))
#11 /var/www/html/screening/system/CodeIgniter.php(333): CodeIgniter\CodeIgniter->handleRequest(NULL, Object(Config\Cache), false)
#12 /var/www/html/screening/public/index.php(44): CodeIgniter\CodeIgniter->run()
#13 {main}
ERROR - 2021-08-18 17:25:32 --> Error connecting to the database: No such file or directory
CRITICAL - 2021-08-18 17:25:32 --> Unable to connect to the database.
#0 /var/www/html/screening/system/Database/BaseConnection.php(618): CodeIgniter\Database\BaseConnection->initialize()
#1 /var/www/html/screening/system/Database/BaseConnection.php(1532): CodeIgniter\Database\BaseConnection->query('SHOW TABLES FRO...')
#2 /var/www/html/screening/system/Database/BaseConnection.php(1575): CodeIgniter\Database\BaseConnection->listTables()
#3 /var/www/html/screening/app/Models/GroceryCrudModel.php(43): CodeIgniter\Database\BaseConnection->tableExists('screenings')
#4 /var/www/html/screening/app/Libraries/GroceryCrud.php(635): App\Models\GroceryCrudModel->db_table_exists('screenings')
#5 /var/www/html/screening/app/Libraries/GroceryCrud.php(4970): App\Libraries\grocery_CRUD_Model_Driver->table_exists('screenings')
#6 /var/www/html/screening/app/Libraries/GroceryCrud.php(4450): App\Libraries\GroceryCrud->get_table()
#7 /var/www/html/screening/app/Libraries/GroceryCrud.php(4467): App\Libraries\GroceryCrud->pre_render()
#8 /var/www/html/screening/app/Controllers/Product.php(167): App\Libraries\GroceryCrud->render()
#9 /var/www/html/screening/system/CodeIgniter.php(936): App\Controllers\Product->screening_management('edit', '1012')
#10 /var/www/html/screening/system/CodeIgniter.php(432): CodeIgniter\CodeIgniter->runController(Object(App\Controllers\Product))
#11 /var/www/html/screening/system/CodeIgniter.php(333): CodeIgniter\CodeIgniter->handleRequest(NULL, Object(Config\Cache), false)
#12 /var/www/html/screening/public/index.php(44): CodeIgniter\CodeIgniter->run()
#13 {main}
ERROR - 2021-08-18 17:25:33 --> Error connecting to the database: No such file or directory
CRITICAL - 2021-08-18 17:25:33 --> Unable to connect to the database.
#0 /var/www/html/screening/system/Database/BaseConnection.php(618): CodeIgniter\Database\BaseConnection->initialize()
#1 /var/www/html/screening/system/Database/BaseConnection.php(1532): CodeIgniter\Database\BaseConnection->query('SHOW TABLES FRO...')
#2 /var/www/html/screening/system/Database/BaseConnection.php(1575): CodeIgniter\Database\BaseConnection->listTables()
#3 /var/www/html/screening/app/Models/GroceryCrudModel.php(43): CodeIgniter\Database\BaseConnection->tableExists('screenings')
#4 /var/www/html/screening/app/Libraries/GroceryCrud.php(635): App\Models\GroceryCrudModel->db_table_exists('screenings')
#5 /var/www/html/screening/app/Libraries/GroceryCrud.php(4970): App\Libraries\grocery_CRUD_Model_Driver->table_exists('screenings')
#6 /var/www/html/screening/app/Libraries/GroceryCrud.php(4450): App\Libraries\GroceryCrud->get_table()
#7 /var/www/html/screening/app/Libraries/GroceryCrud.php(4467): App\Libraries\GroceryCrud->pre_render()
#8 /var/www/html/screening/app/Controllers/Product.php(167): App\Libraries\GroceryCrud->render()
#9 /var/www/html/screening/system/CodeIgniter.php(936): App\Controllers\Product->screening_management('edit', '1012')
#10 /var/www/html/screening/system/CodeIgniter.php(432): CodeIgniter\CodeIgniter->runController(Object(App\Controllers\Product))
#11 /var/www/html/screening/system/CodeIgniter.php(333): CodeIgniter\CodeIgniter->handleRequest(NULL, Object(Config\Cache), false)
#12 /var/www/html/screening/public/index.php(44): CodeIgniter\CodeIgniter->run()
#13 {main}
ERROR - 2021-08-18 17:36:31 --> Error connecting to the database: No such file or directory
CRITICAL - 2021-08-18 17:36:31 --> Unable to connect to the database.
#0 /var/www/html/screening/system/Database/BaseConnection.php(618): CodeIgniter\Database\BaseConnection->initialize()
#1 /var/www/html/screening/system/Database/BaseConnection.php(1532): CodeIgniter\Database\BaseConnection->query('SHOW TABLES FRO...')
#2 /var/www/html/screening/system/Database/BaseConnection.php(1575): CodeIgniter\Database\BaseConnection->listTables()
#3 /var/www/html/screening/app/Models/GroceryCrudModel.php(43): CodeIgniter\Database\BaseConnection->tableExists('screenings')
#4 /var/www/html/screening/app/Libraries/GroceryCrud.php(635): App\Models\GroceryCrudModel->db_table_exists('screenings')
#5 /var/www/html/screening/app/Libraries/GroceryCrud.php(4970): App\Libraries\grocery_CRUD_Model_Driver->table_exists('screenings')
#6 /var/www/html/screening/app/Libraries/GroceryCrud.php(4450): App\Libraries\GroceryCrud->get_table()
#7 /var/www/html/screening/app/Libraries/GroceryCrud.php(4467): App\Libraries\GroceryCrud->pre_render()
#8 /var/www/html/screening/app/Controllers/Product.php(167): App\Libraries\GroceryCrud->render()
#9 /var/www/html/screening/system/CodeIgniter.php(936): App\Controllers\Product->screening_management('edit', '1012')
#10 /var/www/html/screening/system/CodeIgniter.php(432): CodeIgniter\CodeIgniter->runController(Object(App\Controllers\Product))
#11 /var/www/html/screening/system/CodeIgniter.php(333): CodeIgniter\CodeIgniter->handleRequest(NULL, Object(Config\Cache), false)
#12 /var/www/html/screening/public/index.php(44): CodeIgniter\CodeIgniter->run()
#13 {main}
ERROR - 2021-08-18 17:38:00 --> Error connecting to the database: No such file or directory
CRITICAL - 2021-08-18 17:38:00 --> Unable to connect to the database.
#0 /var/www/html/screening/system/Database/BaseConnection.php(618): CodeIgniter\Database\BaseConnection->initialize()
#1 /var/www/html/screening/system/Database/BaseConnection.php(1532): CodeIgniter\Database\BaseConnection->query('SHOW TABLES FRO...')
#2 /var/www/html/screening/system/Database/BaseConnection.php(1575): CodeIgniter\Database\BaseConnection->listTables()
#3 /var/www/html/screening/app/Models/GroceryCrudModel.php(43): CodeIgniter\Database\BaseConnection->tableExists('screenings')
#4 /var/www/html/screening/app/Libraries/GroceryCrud.php(635): App\Models\GroceryCrudModel->db_table_exists('screenings')
#5 /var/www/html/screening/app/Libraries/GroceryCrud.php(4970): App\Libraries\grocery_CRUD_Model_Driver->table_exists('screenings')
#6 /var/www/html/screening/app/Libraries/GroceryCrud.php(4450): App\Libraries\GroceryCrud->get_table()
#7 /var/www/html/screening/app/Libraries/GroceryCrud.php(4467): App\Libraries\GroceryCrud->pre_render()
#8 /var/www/html/screening/app/Controllers/Product.php(167): App\Libraries\GroceryCrud->render()
#9 /var/www/html/screening/system/CodeIgniter.php(936): App\Controllers\Product->screening_management('edit', '1012')
#10 /var/www/html/screening/system/CodeIgniter.php(432): CodeIgniter\CodeIgniter->runController(Object(App\Controllers\Product))
#11 /var/www/html/screening/system/CodeIgniter.php(333): CodeIgniter\CodeIgniter->handleRequest(NULL, Object(Config\Cache), false)
#12 /var/www/html/screening/public/index.php(44): CodeIgniter\CodeIgniter->run()
#13 {main}
ERROR - 2021-08-18 17:39:51 --> Error connecting to the database: No such file or directory
CRITICAL - 2021-08-18 17:39:51 --> Unable to connect to the database.
#0 /var/www/html/screening/system/Database/BaseConnection.php(618): CodeIgniter\Database\BaseConnection->initialize()
#1 /var/www/html/screening/system/Database/BaseConnection.php(1532): CodeIgniter\Database\BaseConnection->query('SHOW TABLES FRO...')
#2 /var/www/html/screening/system/Database/BaseConnection.php(1575): CodeIgniter\Database\BaseConnection->listTables()
#3 /var/www/html/screening/app/Models/GroceryCrudModel.php(43): CodeIgniter\Database\BaseConnection->tableExists('screenings')
#4 /var/www/html/screening/app/Libraries/GroceryCrud.php(635): App\Models\GroceryCrudModel->db_table_exists('screenings')
#5 /var/www/html/screening/app/Libraries/GroceryCrud.php(4970): App\Libraries\grocery_CRUD_Model_Driver->table_exists('screenings')
#6 /var/www/html/screening/app/Libraries/GroceryCrud.php(4450): App\Libraries\GroceryCrud->get_table()
#7 /var/www/html/screening/app/Libraries/GroceryCrud.php(4467): App\Libraries\GroceryCrud->pre_render()
#8 /var/www/html/screening/app/Controllers/Product.php(167): App\Libraries\GroceryCrud->render()
#9 /var/www/html/screening/system/CodeIgniter.php(936): App\Controllers\Product->screening_management('edit', '1012')
#10 /var/www/html/screening/system/CodeIgniter.php(432): CodeIgniter\CodeIgniter->runController(Object(App\Controllers\Product))
#11 /var/www/html/screening/system/CodeIgniter.php(333): CodeIgniter\CodeIgniter->handleRequest(NULL, Object(Config\Cache), false)
#12 /var/www/html/screening/public/index.php(44): CodeIgniter\CodeIgniter->run()
#13 {main}
ERROR - 2021-08-18 17:41:00 --> Error connecting to the database: No such file or directory
CRITICAL - 2021-08-18 17:41:00 --> Unable to connect to the database.
#0 /var/www/html/screening/system/Database/BaseConnection.php(618): CodeIgniter\Database\BaseConnection->initialize()
#1 /var/www/html/screening/system/Database/BaseConnection.php(1532): CodeIgniter\Database\BaseConnection->query('SHOW TABLES FRO...')
#2 /var/www/html/screening/system/Database/BaseConnection.php(1575): CodeIgniter\Database\BaseConnection->listTables()
#3 /var/www/html/screening/app/Models/GroceryCrudModel.php(43): CodeIgniter\Database\BaseConnection->tableExists('screenings')
#4 /var/www/html/screening/app/Libraries/GroceryCrud.php(635): App\Models\GroceryCrudModel->db_table_exists('screenings')
#5 /var/www/html/screening/app/Libraries/GroceryCrud.php(4970): App\Libraries\grocery_CRUD_Model_Driver->table_exists('screenings')
#6 /var/www/html/screening/app/Libraries/GroceryCrud.php(4450): App\Libraries\GroceryCrud->get_table()
#7 /var/www/html/screening/app/Libraries/GroceryCrud.php(4467): App\Libraries\GroceryCrud->pre_render()
#8 /var/www/html/screening/app/Controllers/Product.php(167): App\Libraries\GroceryCrud->render()
#9 /var/www/html/screening/system/CodeIgniter.php(936): App\Controllers\Product->screening_management('edit', '1012')
#10 /var/www/html/screening/system/CodeIgniter.php(432): CodeIgniter\CodeIgniter->runController(Object(App\Controllers\Product))
#11 /var/www/html/screening/system/CodeIgniter.php(333): CodeIgniter\CodeIgniter->handleRequest(NULL, Object(Config\Cache), false)
#12 /var/www/html/screening/public/index.php(44): CodeIgniter\CodeIgniter->run()
#13 {main}
ERROR - 2021-08-18 17:52:03 --> Error connecting to the database: No such file or directory
CRITICAL - 2021-08-18 17:52:03 --> Unable to connect to the database.
#0 /var/www/html/screening/system/Database/BaseConnection.php(618): CodeIgniter\Database\BaseConnection->initialize()
#1 /var/www/html/screening/system/Database/BaseConnection.php(1532): CodeIgniter\Database\BaseConnection->query('SHOW TABLES FRO...')
#2 /var/www/html/screening/system/Database/BaseConnection.php(1575): CodeIgniter\Database\BaseConnection->listTables()
#3 /var/www/html/screening/app/Models/GroceryCrudModel.php(43): CodeIgniter\Database\BaseConnection->tableExists('screenings')
#4 /var/www/html/screening/app/Libraries/GroceryCrud.php(635): App\Models\GroceryCrudModel->db_table_exists('screenings')
#5 /var/www/html/screening/app/Libraries/GroceryCrud.php(4970): App\Libraries\grocery_CRUD_Model_Driver->table_exists('screenings')
#6 /var/www/html/screening/app/Libraries/GroceryCrud.php(4450): App\Libraries\GroceryCrud->get_table()
#7 /var/www/html/screening/app/Libraries/GroceryCrud.php(4467): App\Libraries\GroceryCrud->pre_render()
#8 /var/www/html/screening/app/Controllers/Product.php(167): App\Libraries\GroceryCrud->render()
#9 /var/www/html/screening/system/CodeIgniter.php(936): App\Controllers\Product->screening_management('edit', '1012')
#10 /var/www/html/screening/system/CodeIgniter.php(432): CodeIgniter\CodeIgniter->runController(Object(App\Controllers\Product))
#11 /var/www/html/screening/system/CodeIgniter.php(333): CodeIgniter\CodeIgniter->handleRequest(NULL, Object(Config\Cache), false)
#12 /var/www/html/screening/public/index.php(44): CodeIgniter\CodeIgniter->run()
#13 {main}
ERROR - 2021-08-18 17:52:42 --> Error connecting to the database: No such file or directory
CRITICAL - 2021-08-18 17:52:42 --> Unable to connect to the database.
#0 /var/www/html/screening/system/Database/BaseConnection.php(618): CodeIgniter\Database\BaseConnection->initialize()
#1 /var/www/html/screening/system/Database/BaseConnection.php(1532): CodeIgniter\Database\BaseConnection->query('SHOW TABLES FRO...')
#2 /var/www/html/screening/system/Database/BaseConnection.php(1575): CodeIgniter\Database\BaseConnection->listTables()
#3 /var/www/html/screening/app/Models/GroceryCrudModel.php(43): CodeIgniter\Database\BaseConnection->tableExists('screenings')
#4 /var/www/html/screening/app/Libraries/GroceryCrud.php(635): App\Models\GroceryCrudModel->db_table_exists('screenings')
#5 /var/www/html/screening/app/Libraries/GroceryCrud.php(4970): App\Libraries\grocery_CRUD_Model_Driver->table_exists('screenings')
#6 /var/www/html/screening/app/Libraries/GroceryCrud.php(4450): App\Libraries\GroceryCrud->get_table()
#7 /var/www/html/screening/app/Libraries/GroceryCrud.php(4467): App\Libraries\GroceryCrud->pre_render()
#8 /var/www/html/screening/app/Controllers/Product.php(167): App\Libraries\GroceryCrud->render()
#9 /var/www/html/screening/system/CodeIgniter.php(936): App\Controllers\Product->screening_management('edit', '1012')
#10 /var/www/html/screening/system/CodeIgniter.php(432): CodeIgniter\CodeIgniter->runController(Object(App\Controllers\Product))
#11 /var/www/html/screening/system/CodeIgniter.php(333): CodeIgniter\CodeIgniter->handleRequest(NULL, Object(Config\Cache), false)
#12 /var/www/html/screening/public/index.php(44): CodeIgniter\CodeIgniter->run()
#13 {main}
ERROR - 2021-08-18 17:54:31 --> Error connecting to the database: No such file or directory
CRITICAL - 2021-08-18 17:54:31 --> Unable to connect to the database.
#0 /var/www/html/screening/system/Database/BaseConnection.php(618): CodeIgniter\Database\BaseConnection->initialize()
#1 /var/www/html/screening/system/Database/BaseConnection.php(1532): CodeIgniter\Database\BaseConnection->query('SHOW TABLES FRO...')
#2 /var/www/html/screening/system/Database/BaseConnection.php(1575): CodeIgniter\Database\BaseConnection->listTables()
#3 /var/www/html/screening/app/Models/GroceryCrudModel.php(43): CodeIgniter\Database\BaseConnection->tableExists('screenings')
#4 /var/www/html/screening/app/Libraries/GroceryCrud.php(635): App\Models\GroceryCrudModel->db_table_exists('screenings')
#5 /var/www/html/screening/app/Libraries/GroceryCrud.php(4970): App\Libraries\grocery_CRUD_Model_Driver->table_exists('screenings')
#6 /var/www/html/screening/app/Libraries/GroceryCrud.php(4450): App\Libraries\GroceryCrud->get_table()
#7 /var/www/html/screening/app/Libraries/GroceryCrud.php(4467): App\Libraries\GroceryCrud->pre_render()
#8 /var/www/html/screening/app/Controllers/Product.php(167): App\Libraries\GroceryCrud->render()
#9 /var/www/html/screening/system/CodeIgniter.php(936): App\Controllers\Product->screening_management('edit', '1012')
#10 /var/www/html/screening/system/CodeIgniter.php(432): CodeIgniter\CodeIgniter->runController(Object(App\Controllers\Product))
#11 /var/www/html/screening/system/CodeIgniter.php(333): CodeIgniter\CodeIgniter->handleRequest(NULL, Object(Config\Cache), false)
#12 /var/www/html/screening/public/index.php(44): CodeIgniter\CodeIgniter->run()
#13 {main}
ERROR - 2021-08-18 17:56:55 --> Error connecting to the database: No such file or directory
CRITICAL - 2021-08-18 17:56:55 --> Unable to connect to the database.
#0 /var/www/html/screening/system/Database/BaseConnection.php(618): CodeIgniter\Database\BaseConnection->initialize()
#1 /var/www/html/screening/system/Database/BaseConnection.php(1532): CodeIgniter\Database\BaseConnection->query('SHOW TABLES FRO...')
#2 /var/www/html/screening/system/Database/BaseConnection.php(1575): CodeIgniter\Database\BaseConnection->listTables()
#3 /var/www/html/screening/app/Models/GroceryCrudModel.php(43): CodeIgniter\Database\BaseConnection->tableExists('screenings')
#4 /var/www/html/screening/app/Libraries/GroceryCrud.php(635): App\Models\GroceryCrudModel->db_table_exists('screenings')
#5 /var/www/html/screening/app/Libraries/GroceryCrud.php(4970): App\Libraries\grocery_CRUD_Model_Driver->table_exists('screenings')
#6 /var/www/html/screening/app/Libraries/GroceryCrud.php(4450): App\Libraries\GroceryCrud->get_table()
#7 /var/www/html/screening/app/Libraries/GroceryCrud.php(4467): App\Libraries\GroceryCrud->pre_render()
#8 /var/www/html/screening/app/Controllers/Product.php(167): App\Libraries\GroceryCrud->render()
#9 /var/www/html/screening/system/CodeIgniter.php(936): App\Controllers\Product->screening_management('edit', '1012')
#10 /var/www/html/screening/system/CodeIgniter.php(432): CodeIgniter\CodeIgniter->runController(Object(App\Controllers\Product))
#11 /var/www/html/screening/system/CodeIgniter.php(333): CodeIgniter\CodeIgniter->handleRequest(NULL, Object(Config\Cache), false)
#12 /var/www/html/screening/public/index.php(44): CodeIgniter\CodeIgniter->run()
#13 {main}
ERROR - 2021-08-18 17:58:50 --> Error connecting to the database: No such file or directory
CRITICAL - 2021-08-18 17:58:50 --> Unable to connect to the database.
#0 /var/www/html/screening/system/Database/BaseConnection.php(618): CodeIgniter\Database\BaseConnection->initialize()
#1 /var/www/html/screening/system/Database/BaseConnection.php(1532): CodeIgniter\Database\BaseConnection->query('SHOW TABLES FRO...')
#2 /var/www/html/screening/system/Database/BaseConnection.php(1575): CodeIgniter\Database\BaseConnection->listTables()
#3 /var/www/html/screening/app/Models/GroceryCrudModel.php(43): CodeIgniter\Database\BaseConnection->tableExists('screenings')
#4 /var/www/html/screening/app/Libraries/GroceryCrud.php(635): App\Models\GroceryCrudModel->db_table_exists('screenings')
#5 /var/www/html/screening/app/Libraries/GroceryCrud.php(4970): App\Libraries\grocery_CRUD_Model_Driver->table_exists('screenings')
#6 /var/www/html/screening/app/Libraries/GroceryCrud.php(4450): App\Libraries\GroceryCrud->get_table()
#7 /var/www/html/screening/app/Libraries/GroceryCrud.php(4467): App\Libraries\GroceryCrud->pre_render()
#8 /var/www/html/screening/app/Controllers/Product.php(167): App\Libraries\GroceryCrud->render()
#9 /var/www/html/screening/system/CodeIgniter.php(936): App\Controllers\Product->screening_management('edit', '1012')
#10 /var/www/html/screening/system/CodeIgniter.php(432): CodeIgniter\CodeIgniter->runController(Object(App\Controllers\Product))
#11 /var/www/html/screening/system/CodeIgniter.php(333): CodeIgniter\CodeIgniter->handleRequest(NULL, Object(Config\Cache), false)
#12 /var/www/html/screening/public/index.php(44): CodeIgniter\CodeIgniter->run()
#13 {main}
ERROR - 2021-08-18 17:59:21 --> Error connecting to the database: No such file or directory
CRITICAL - 2021-08-18 17:59:21 --> Unable to connect to the database.
#0 /var/www/html/screening/system/Database/BaseConnection.php(618): CodeIgniter\Database\BaseConnection->initialize()
#1 /var/www/html/screening/system/Database/BaseConnection.php(1532): CodeIgniter\Database\BaseConnection->query('SHOW TABLES FRO...')
#2 /var/www/html/screening/system/Database/BaseConnection.php(1575): CodeIgniter\Database\BaseConnection->listTables()
#3 /var/www/html/screening/app/Models/GroceryCrudModel.php(43): CodeIgniter\Database\BaseConnection->tableExists('screenings')
#4 /var/www/html/screening/app/Libraries/GroceryCrud.php(635): App\Models\GroceryCrudModel->db_table_exists('screenings')
#5 /var/www/html/screening/app/Libraries/GroceryCrud.php(4970): App\Libraries\grocery_CRUD_Model_Driver->table_exists('screenings')
#6 /var/www/html/screening/app/Libraries/GroceryCrud.php(4450): App\Libraries\GroceryCrud->get_table()
#7 /var/www/html/screening/app/Libraries/GroceryCrud.php(4467): App\Libraries\GroceryCrud->pre_render()
#8 /var/www/html/screening/app/Controllers/Product.php(167): App\Libraries\GroceryCrud->render()
#9 /var/www/html/screening/system/CodeIgniter.php(936): App\Controllers\Product->screening_management('edit', '1012')
#10 /var/www/html/screening/system/CodeIgniter.php(432): CodeIgniter\CodeIgniter->runController(Object(App\Controllers\Product))
#11 /var/www/html/screening/system/CodeIgniter.php(333): CodeIgniter\CodeIgniter->handleRequest(NULL, Object(Config\Cache), false)
#12 /var/www/html/screening/public/index.php(44): CodeIgniter\CodeIgniter->run()
#13 {main}
ERROR - 2021-08-18 17:59:52 --> Error connecting to the database: No such file or directory
CRITICAL - 2021-08-18 17:59:52 --> Unable to connect to the database.
#0 /var/www/html/screening/system/Database/BaseConnection.php(618): CodeIgniter\Database\BaseConnection->initialize()
#1 /var/www/html/screening/system/Database/BaseConnection.php(1532): CodeIgniter\Database\BaseConnection->query('SHOW TABLES FRO...')
#2 /var/www/html/screening/system/Database/BaseConnection.php(1575): CodeIgniter\Database\BaseConnection->listTables()
#3 /var/www/html/screening/app/Models/GroceryCrudModel.php(43): CodeIgniter\Database\BaseConnection->tableExists('screenings')
#4 /var/www/html/screening/app/Libraries/GroceryCrud.php(635): App\Models\GroceryCrudModel->db_table_exists('screenings')
#5 /var/www/html/screening/app/Libraries/GroceryCrud.php(4970): App\Libraries\grocery_CRUD_Model_Driver->table_exists('screenings')
#6 /var/www/html/screening/app/Libraries/GroceryCrud.php(4450): App\Libraries\GroceryCrud->get_table()
#7 /var/www/html/screening/app/Libraries/GroceryCrud.php(4467): App\Libraries\GroceryCrud->pre_render()
#8 /var/www/html/screening/app/Controllers/Product.php(167): App\Libraries\GroceryCrud->render()
#9 /var/www/html/screening/system/CodeIgniter.php(936): App\Controllers\Product->screening_management('edit', '1012')
#10 /var/www/html/screening/system/CodeIgniter.php(432): CodeIgniter\CodeIgniter->runController(Object(App\Controllers\Product))
#11 /var/www/html/screening/system/CodeIgniter.php(333): CodeIgniter\CodeIgniter->handleRequest(NULL, Object(Config\Cache), false)
#12 /var/www/html/screening/public/index.php(44): CodeIgniter\CodeIgniter->run()
#13 {main}
ERROR - 2021-08-18 18:33:29 --> Error connecting to the database: No such file or directory
CRITICAL - 2021-08-18 18:33:29 --> Unable to connect to the database.
#0 /var/www/html/screening/system/Database/BaseConnection.php(618): CodeIgniter\Database\BaseConnection->initialize()
#1 /var/www/html/screening/system/Database/BaseConnection.php(1532): CodeIgniter\Database\BaseConnection->query('SHOW TABLES FRO...')
#2 /var/www/html/screening/system/Database/BaseConnection.php(1575): CodeIgniter\Database\BaseConnection->listTables()
#3 /var/www/html/screening/app/Models/GroceryCrudModel.php(43): CodeIgniter\Database\BaseConnection->tableExists('screenings')
#4 /var/www/html/screening/app/Libraries/GroceryCrud.php(635): App\Models\GroceryCrudModel->db_table_exists('screenings')
#5 /var/www/html/screening/app/Libraries/GroceryCrud.php(4970): App\Libraries\grocery_CRUD_Model_Driver->table_exists('screenings')
#6 /var/www/html/screening/app/Libraries/GroceryCrud.php(4450): App\Libraries\GroceryCrud->get_table()
#7 /var/www/html/screening/app/Libraries/GroceryCrud.php(4467): App\Libraries\GroceryCrud->pre_render()
#8 /var/www/html/screening/app/Controllers/Product.php(167): App\Libraries\GroceryCrud->render()
#9 /var/www/html/screening/system/CodeIgniter.php(936): App\Controllers\Product->screening_management('edit', '1012')
#10 /var/www/html/screening/system/CodeIgniter.php(432): CodeIgniter\CodeIgniter->runController(Object(App\Controllers\Product))
#11 /var/www/html/screening/system/CodeIgniter.php(333): CodeIgniter\CodeIgniter->handleRequest(NULL, Object(Config\Cache), false)
#12 /var/www/html/screening/public/index.php(44): CodeIgniter\CodeIgniter->run()
#13 {main}
ERROR - 2021-08-18 19:45:16 --> Error connecting to the database: No such file or directory
CRITICAL - 2021-08-18 19:45:16 --> Unable to connect to the database.
#0 /var/www/html/screening/system/Database/BaseConnection.php(618): CodeIgniter\Database\BaseConnection->initialize()
#1 /var/www/html/screening/system/Database/BaseConnection.php(1532): CodeIgniter\Database\BaseConnection->query('SHOW TABLES FRO...')
#2 /var/www/html/screening/system/Database/BaseConnection.php(1575): CodeIgniter\Database\BaseConnection->listTables()
#3 /var/www/html/screening/app/Models/GroceryCrudModel.php(43): CodeIgniter\Database\BaseConnection->tableExists('screenings')
#4 /var/www/html/screening/app/Libraries/GroceryCrud.php(635): App\Models\GroceryCrudModel->db_table_exists('screenings')
#5 /var/www/html/screening/app/Libraries/GroceryCrud.php(4970): App\Libraries\grocery_CRUD_Model_Driver->table_exists('screenings')
#6 /var/www/html/screening/app/Libraries/GroceryCrud.php(4450): App\Libraries\GroceryCrud->get_table()
#7 /var/www/html/screening/app/Libraries/GroceryCrud.php(4467): App\Libraries\GroceryCrud->pre_render()
#8 /var/www/html/screening/app/Controllers/Product.php(167): App\Libraries\GroceryCrud->render()
#9 /var/www/html/screening/system/CodeIgniter.php(936): App\Controllers\Product->screening_management('edit', '1012')
#10 /var/www/html/screening/system/CodeIgniter.php(432): CodeIgniter\CodeIgniter->runController(Object(App\Controllers\Product))
#11 /var/www/html/screening/system/CodeIgniter.php(333): CodeIgniter\CodeIgniter->handleRequest(NULL, Object(Config\Cache), false)
#12 /var/www/html/screening/public/index.php(44): CodeIgniter\CodeIgniter->run()
#13 {main}
ERROR - 2021-08-18 19:52:39 --> Error connecting to the database: Cannot assign requested address
CRITICAL - 2021-08-18 19:52:39 --> Unable to connect to the database.
#0 /var/www/html/screening/system/Database/BaseConnection.php(618): CodeIgniter\Database\BaseConnection->initialize()
#1 /var/www/html/screening/system/Database/BaseConnection.php(1532): CodeIgniter\Database\BaseConnection->query('SHOW TABLES FRO...')
#2 /var/www/html/screening/system/Database/BaseConnection.php(1575): CodeIgniter\Database\BaseConnection->listTables()
#3 /var/www/html/screening/app/Models/GroceryCrudModel.php(43): CodeIgniter\Database\BaseConnection->tableExists('screenings')
#4 /var/www/html/screening/app/Libraries/GroceryCrud.php(635): App\Models\GroceryCrudModel->db_table_exists('screenings')
#5 /var/www/html/screening/app/Libraries/GroceryCrud.php(4970): App\Libraries\grocery_CRUD_Model_Driver->table_exists('screenings')
#6 /var/www/html/screening/app/Libraries/GroceryCrud.php(4450): App\Libraries\GroceryCrud->get_table()
#7 /var/www/html/screening/app/Libraries/GroceryCrud.php(4467): App\Libraries\GroceryCrud->pre_render()
#8 /var/www/html/screening/app/Controllers/Product.php(167): App\Libraries\GroceryCrud->render()
#9 /var/www/html/screening/system/CodeIgniter.php(936): App\Controllers\Product->screening_management('edit', '1012')
#10 /var/www/html/screening/system/CodeIgniter.php(432): CodeIgniter\CodeIgniter->runController(Object(App\Controllers\Product))
#11 /var/www/html/screening/system/CodeIgniter.php(333): CodeIgniter\CodeIgniter->handleRequest(NULL, Object(Config\Cache), false)
#12 /var/www/html/screening/public/index.php(44): CodeIgniter\CodeIgniter->run()
#13 {main}
ERROR - 2021-08-18 19:52:56 --> Error connecting to the database: php_network_getaddresses: getaddrinfo failed: Name or service not known
CRITICAL - 2021-08-18 19:52:56 --> Unable to connect to the database.
#0 /var/www/html/screening/system/Database/BaseConnection.php(618): CodeIgniter\Database\BaseConnection->initialize()
#1 /var/www/html/screening/system/Database/BaseConnection.php(1532): CodeIgniter\Database\BaseConnection->query('SHOW TABLES FRO...')
#2 /var/www/html/screening/system/Database/BaseConnection.php(1575): CodeIgniter\Database\BaseConnection->listTables()
#3 /var/www/html/screening/app/Models/GroceryCrudModel.php(43): CodeIgniter\Database\BaseConnection->tableExists('screenings')
#4 /var/www/html/screening/app/Libraries/GroceryCrud.php(635): App\Models\GroceryCrudModel->db_table_exists('screenings')
#5 /var/www/html/screening/app/Libraries/GroceryCrud.php(4970): App\Libraries\grocery_CRUD_Model_Driver->table_exists('screenings')
#6 /var/www/html/screening/app/Libraries/GroceryCrud.php(4450): App\Libraries\GroceryCrud->get_table()
#7 /var/www/html/screening/app/Libraries/GroceryCrud.php(4467): App\Libraries\GroceryCrud->pre_render()
#8 /var/www/html/screening/app/Controllers/Product.php(167): App\Libraries\GroceryCrud->render()
#9 /var/www/html/screening/system/CodeIgniter.php(936): App\Controllers\Product->screening_management('edit', '1012')
#10 /var/www/html/screening/system/CodeIgniter.php(432): CodeIgniter\CodeIgniter->runController(Object(App\Controllers\Product))
#11 /var/www/html/screening/system/CodeIgniter.php(333): CodeIgniter\CodeIgniter->handleRequest(NULL, Object(Config\Cache), false)
#12 /var/www/html/screening/public/index.php(44): CodeIgniter\CodeIgniter->run()
#13 {main}
ERROR - 2021-08-18 19:53:01 --> Error connecting to the database: php_network_getaddresses: getaddrinfo failed: Name or service not known
CRITICAL - 2021-08-18 19:53:01 --> Unable to connect to the database.
#0 /var/www/html/screening/system/Database/BaseConnection.php(618): CodeIgniter\Database\BaseConnection->initialize()
#1 /var/www/html/screening/system/Database/BaseConnection.php(1532): CodeIgniter\Database\BaseConnection->query('SHOW TABLES FRO...')
#2 /var/www/html/screening/system/Database/BaseConnection.php(1575): CodeIgniter\Database\BaseConnection->listTables()
#3 /var/www/html/screening/app/Models/GroceryCrudModel.php(43): CodeIgniter\Database\BaseConnection->tableExists('screenings')
#4 /var/www/html/screening/app/Libraries/GroceryCrud.php(635): App\Models\GroceryCrudModel->db_table_exists('screenings')
#5 /var/www/html/screening/app/Libraries/GroceryCrud.php(4970): App\Libraries\grocery_CRUD_Model_Driver->table_exists('screenings')
#6 /var/www/html/screening/app/Libraries/GroceryCrud.php(4450): App\Libraries\GroceryCrud->get_table()
#7 /var/www/html/screening/app/Libraries/GroceryCrud.php(4467): App\Libraries\GroceryCrud->pre_render()
#8 /var/www/html/screening/app/Controllers/Product.php(167): App\Libraries\GroceryCrud->render()
#9 /var/www/html/screening/system/CodeIgniter.php(936): App\Controllers\Product->screening_management('edit', '1012')
#10 /var/www/html/screening/system/CodeIgniter.php(432): CodeIgniter\CodeIgniter->runController(Object(App\Controllers\Product))
#11 /var/www/html/screening/system/CodeIgniter.php(333): CodeIgniter\CodeIgniter->handleRequest(NULL, Object(Config\Cache), false)
#12 /var/www/html/screening/public/index.php(44): CodeIgniter\CodeIgniter->run()
#13 {main}
ERROR - 2021-08-18 19:53:04 --> Error connecting to the database: php_network_getaddresses: getaddrinfo failed: Name or service not known
CRITICAL - 2021-08-18 19:53:04 --> Unable to connect to the database.
#0 /var/www/html/screening/system/Database/BaseConnection.php(618): CodeIgniter\Database\BaseConnection->initialize()
#1 /var/www/html/screening/system/Database/BaseConnection.php(1532): CodeIgniter\Database\BaseConnection->query('SHOW TABLES FRO...')
#2 /var/www/html/screening/system/Database/BaseConnection.php(1575): CodeIgniter\Database\BaseConnection->listTables()
#3 /var/www/html/screening/app/Models/GroceryCrudModel.php(43): CodeIgniter\Database\BaseConnection->tableExists('screenings')
#4 /var/www/html/screening/app/Libraries/GroceryCrud.php(635): App\Models\GroceryCrudModel->db_table_exists('screenings')
#5 /var/www/html/screening/app/Libraries/GroceryCrud.php(4970): App\Libraries\grocery_CRUD_Model_Driver->table_exists('screenings')
#6 /var/www/html/screening/app/Libraries/GroceryCrud.php(4450): App\Libraries\GroceryCrud->get_table()
#7 /var/www/html/screening/app/Libraries/GroceryCrud.php(4467): App\Libraries\GroceryCrud->pre_render()
#8 /var/www/html/screening/app/Controllers/Product.php(167): App\Libraries\GroceryCrud->render()
#9 /var/www/html/screening/system/CodeIgniter.php(936): App\Controllers\Product->screening_management('edit', '1012')
#10 /var/www/html/screening/system/CodeIgniter.php(432): CodeIgniter\CodeIgniter->runController(Object(App\Controllers\Product))
#11 /var/www/html/screening/system/CodeIgniter.php(333): CodeIgniter\CodeIgniter->handleRequest(NULL, Object(Config\Cache), false)
#12 /var/www/html/screening/public/index.php(44): CodeIgniter\CodeIgniter->run()
#13 {main}
ERROR - 2021-08-18 19:53:07 --> Error connecting to the database: php_network_getaddresses: getaddrinfo failed: Name or service not known
CRITICAL - 2021-08-18 19:53:07 --> Unable to connect to the database.
#0 /var/www/html/screening/system/Database/BaseConnection.php(618): CodeIgniter\Database\BaseConnection->initialize()
#1 /var/www/html/screening/system/Database/BaseConnection.php(1532): CodeIgniter\Database\BaseConnection->query('SHOW TABLES FRO...')
#2 /var/www/html/screening/system/Database/BaseConnection.php(1575): CodeIgniter\Database\BaseConnection->listTables()
#3 /var/www/html/screening/app/Models/GroceryCrudModel.php(43): CodeIgniter\Database\BaseConnection->tableExists('screenings')
#4 /var/www/html/screening/app/Libraries/GroceryCrud.php(635): App\Models\GroceryCrudModel->db_table_exists('screenings')
#5 /var/www/html/screening/app/Libraries/GroceryCrud.php(4970): App\Libraries\grocery_CRUD_Model_Driver->table_exists('screenings')
#6 /var/www/html/screening/app/Libraries/GroceryCrud.php(4450): App\Libraries\GroceryCrud->get_table()
#7 /var/www/html/screening/app/Libraries/GroceryCrud.php(4467): App\Libraries\GroceryCrud->pre_render()
#8 /var/www/html/screening/app/Controllers/Product.php(167): App\Libraries\GroceryCrud->render()
#9 /var/www/html/screening/system/CodeIgniter.php(936): App\Controllers\Product->screening_management('edit', '1012')
#10 /var/www/html/screening/system/CodeIgniter.php(432): CodeIgniter\CodeIgniter->runController(Object(App\Controllers\Product))
#11 /var/www/html/screening/system/CodeIgniter.php(333): CodeIgniter\CodeIgniter->handleRequest(NULL, Object(Config\Cache), false)
#12 /var/www/html/screening/public/index.php(44): CodeIgniter\CodeIgniter->run()
#13 {main}
ERROR - 2021-08-18 19:53:09 --> Error connecting to the database: php_network_getaddresses: getaddrinfo failed: Name or service not known
CRITICAL - 2021-08-18 19:53:09 --> Unable to connect to the database.
#0 /var/www/html/screening/system/Database/BaseConnection.php(618): CodeIgniter\Database\BaseConnection->initialize()
#1 /var/www/html/screening/system/Database/BaseConnection.php(1532): CodeIgniter\Database\BaseConnection->query('SHOW TABLES FRO...')
#2 /var/www/html/screening/system/Database/BaseConnection.php(1575): CodeIgniter\Database\BaseConnection->listTables()
#3 /var/www/html/screening/app/Models/GroceryCrudModel.php(43): CodeIgniter\Database\BaseConnection->tableExists('screenings')
#4 /var/www/html/screening/app/Libraries/GroceryCrud.php(635): App\Models\GroceryCrudModel->db_table_exists('screenings')
#5 /var/www/html/screening/app/Libraries/GroceryCrud.php(4970): App\Libraries\grocery_CRUD_Model_Driver->table_exists('screenings')
#6 /var/www/html/screening/app/Libraries/GroceryCrud.php(4450): App\Libraries\GroceryCrud->get_table()
#7 /var/www/html/screening/app/Libraries/GroceryCrud.php(4467): App\Libraries\GroceryCrud->pre_render()
#8 /var/www/html/screening/app/Controllers/Product.php(167): App\Libraries\GroceryCrud->render()
#9 /var/www/html/screening/system/CodeIgniter.php(936): App\Controllers\Product->screening_management('edit', '1012')
#10 /var/www/html/screening/system/CodeIgniter.php(432): CodeIgniter\CodeIgniter->runController(Object(App\Controllers\Product))
#11 /var/www/html/screening/system/CodeIgniter.php(333): CodeIgniter\CodeIgniter->handleRequest(NULL, Object(Config\Cache), false)
#12 /var/www/html/screening/public/index.php(44): CodeIgniter\CodeIgniter->run()
#13 {main}
ERROR - 2021-08-18 19:53:19 --> Error connecting to the database: No such file or directory
CRITICAL - 2021-08-18 19:53:19 --> Unable to connect to the database.
#0 /var/www/html/screening/system/Database/BaseConnection.php(618): CodeIgniter\Database\BaseConnection->initialize()
#1 /var/www/html/screening/system/Database/BaseConnection.php(1532): CodeIgniter\Database\BaseConnection->query('SHOW TABLES FRO...')
#2 /var/www/html/screening/system/Database/BaseConnection.php(1575): CodeIgniter\Database\BaseConnection->listTables()
#3 /var/www/html/screening/app/Models/GroceryCrudModel.php(43): CodeIgniter\Database\BaseConnection->tableExists('screenings')
#4 /var/www/html/screening/app/Libraries/GroceryCrud.php(635): App\Models\GroceryCrudModel->db_table_exists('screenings')
#5 /var/www/html/screening/app/Libraries/GroceryCrud.php(4970): App\Libraries\grocery_CRUD_Model_Driver->table_exists('screenings')
#6 /var/www/html/screening/app/Libraries/GroceryCrud.php(4450): App\Libraries\GroceryCrud->get_table()
#7 /var/www/html/screening/app/Libraries/GroceryCrud.php(4467): App\Libraries\GroceryCrud->pre_render()
#8 /var/www/html/screening/app/Controllers/Product.php(167): App\Libraries\GroceryCrud->render()
#9 /var/www/html/screening/system/CodeIgniter.php(936): App\Controllers\Product->screening_management('edit', '1012')
#10 /var/www/html/screening/system/CodeIgniter.php(432): CodeIgniter\CodeIgniter->runController(Object(App\Controllers\Product))
#11 /var/www/html/screening/system/CodeIgniter.php(333): CodeIgniter\CodeIgniter->handleRequest(NULL, Object(Config\Cache), false)
#12 /var/www/html/screening/public/index.php(44): CodeIgniter\CodeIgniter->run()
#13 {main}
ERROR - 2021-08-18 19:56:51 --> Error connecting to the database: Connection refused
CRITICAL - 2021-08-18 19:56:51 --> Unable to connect to the database.
#0 /var/www/html/screening/system/Database/BaseConnection.php(618): CodeIgniter\Database\BaseConnection->initialize()
#1 /var/www/html/screening/system/Database/BaseConnection.php(1532): CodeIgniter\Database\BaseConnection->query('SHOW TABLES FRO...')
#2 /var/www/html/screening/system/Database/BaseConnection.php(1575): CodeIgniter\Database\BaseConnection->listTables()
#3 /var/www/html/screening/app/Models/GroceryCrudModel.php(43): CodeIgniter\Database\BaseConnection->tableExists('screenings')
#4 /var/www/html/screening/app/Libraries/GroceryCrud.php(635): App\Models\GroceryCrudModel->db_table_exists('screenings')
#5 /var/www/html/screening/app/Libraries/GroceryCrud.php(4970): App\Libraries\grocery_CRUD_Model_Driver->table_exists('screenings')
#6 /var/www/html/screening/app/Libraries/GroceryCrud.php(4450): App\Libraries\GroceryCrud->get_table()
#7 /var/www/html/screening/app/Libraries/GroceryCrud.php(4467): App\Libraries\GroceryCrud->pre_render()
#8 /var/www/html/screening/app/Controllers/Product.php(167): App\Libraries\GroceryCrud->render()
#9 /var/www/html/screening/system/CodeIgniter.php(936): App\Controllers\Product->screening_management('edit', '1012')
#10 /var/www/html/screening/system/CodeIgniter.php(432): CodeIgniter\CodeIgniter->runController(Object(App\Controllers\Product))
#11 /var/www/html/screening/system/CodeIgniter.php(333): CodeIgniter\CodeIgniter->handleRequest(NULL, Object(Config\Cache), false)
#12 /var/www/html/screening/public/index.php(44): CodeIgniter\CodeIgniter->run()
#13 {main}
ERROR - 2021-08-18 19:56:53 --> Error connecting to the database: Connection refused
CRITICAL - 2021-08-18 19:56:53 --> Unable to connect to the database.
#0 /var/www/html/screening/system/Database/BaseConnection.php(618): CodeIgniter\Database\BaseConnection->initialize()
#1 /var/www/html/screening/system/Database/BaseConnection.php(1532): CodeIgniter\Database\BaseConnection->query('SHOW TABLES FRO...')
#2 /var/www/html/screening/system/Database/BaseConnection.php(1575): CodeIgniter\Database\BaseConnection->listTables()
#3 /var/www/html/screening/app/Models/GroceryCrudModel.php(43): CodeIgniter\Database\BaseConnection->tableExists('screenings')
#4 /var/www/html/screening/app/Libraries/GroceryCrud.php(635): App\Models\GroceryCrudModel->db_table_exists('screenings')
#5 /var/www/html/screening/app/Libraries/GroceryCrud.php(4970): App\Libraries\grocery_CRUD_Model_Driver->table_exists('screenings')
#6 /var/www/html/screening/app/Libraries/GroceryCrud.php(4450): App\Libraries\GroceryCrud->get_table()
#7 /var/www/html/screening/app/Libraries/GroceryCrud.php(4467): App\Libraries\GroceryCrud->pre_render()
#8 /var/www/html/screening/app/Controllers/Product.php(167): App\Libraries\GroceryCrud->render()
#9 /var/www/html/screening/system/CodeIgniter.php(936): App\Controllers\Product->screening_management('edit', '1012')
#10 /var/www/html/screening/system/CodeIgniter.php(432): CodeIgniter\CodeIgniter->runController(Object(App\Controllers\Product))
#11 /var/www/html/screening/system/CodeIgniter.php(333): CodeIgniter\CodeIgniter->handleRequest(NULL, Object(Config\Cache), false)
#12 /var/www/html/screening/public/index.php(44): CodeIgniter\CodeIgniter->run()
#13 {main}
ERROR - 2021-08-18 19:56:56 --> Error connecting to the database: Connection refused
CRITICAL - 2021-08-18 19:56:56 --> Unable to connect to the database.
#0 /var/www/html/screening/system/Database/BaseConnection.php(618): CodeIgniter\Database\BaseConnection->initialize()
#1 /var/www/html/screening/system/Database/BaseConnection.php(1532): CodeIgniter\Database\BaseConnection->query('SHOW TABLES FRO...')
#2 /var/www/html/screening/system/Database/BaseConnection.php(1575): CodeIgniter\Database\BaseConnection->listTables()
#3 /var/www/html/screening/app/Models/GroceryCrudModel.php(43): CodeIgniter\Database\BaseConnection->tableExists('screenings')
#4 /var/www/html/screening/app/Libraries/GroceryCrud.php(635): App\Models\GroceryCrudModel->db_table_exists('screenings')
#5 /var/www/html/screening/app/Libraries/GroceryCrud.php(4970): App\Libraries\grocery_CRUD_Model_Driver->table_exists('screenings')
#6 /var/www/html/screening/app/Libraries/GroceryCrud.php(4450): App\Libraries\GroceryCrud->get_table()
#7 /var/www/html/screening/app/Libraries/GroceryCrud.php(4467): App\Libraries\GroceryCrud->pre_render()
#8 /var/www/html/screening/app/Controllers/Product.php(167): App\Libraries\GroceryCrud->render()
#9 /var/www/html/screening/system/CodeIgniter.php(936): App\Controllers\Product->screening_management('edit', '1012')
#10 /var/www/html/screening/system/CodeIgniter.php(432): CodeIgniter\CodeIgniter->runController(Object(App\Controllers\Product))
#11 /var/www/html/screening/system/CodeIgniter.php(333): CodeIgniter\CodeIgniter->handleRequest(NULL, Object(Config\Cache), false)
#12 /var/www/html/screening/public/index.php(44): CodeIgniter\CodeIgniter->run()
#13 {main}
CRITICAL - 2021-08-18 20:10:47 --> Class 'CodeIgniter\Database\MySQL\Connection' not found
#0 /var/www/html/screening/system/Database/Database.php(69): CodeIgniter\Database\Database->initDriver('MySQL', 'CodeIgniter\\Dat...', Array)
#1 /var/www/html/screening/system/Database/Config.php(87): CodeIgniter\Database\Database->load(Array, 'default')
#2 /var/www/html/screening/app/ThirdParty/IonAuth/Models/IonAuthModel.php(218): CodeIgniter\Database\Config::connect()
#3 /var/www/html/screening/app/ThirdParty/IonAuth/Libraries/IonAuth.php(67): IonAuth\Models\IonAuthModel->__construct()
#4 /var/www/html/screening/app/Controllers/Product.php(32): IonAuth\Libraries\IonAuth->__construct()
#5 /var/www/html/screening/system/CodeIgniter.php(936): App\Controllers\Product->screening_management('edit', '1012')
#6 /var/www/html/screening/system/CodeIgniter.php(432): CodeIgniter\CodeIgniter->runController(Object(App\Controllers\Product))
#7 /var/www/html/screening/system/CodeIgniter.php(333): CodeIgniter\CodeIgniter->handleRequest(NULL, Object(Config\Cache), false)
#8 /var/www/html/screening/public/index.php(44): CodeIgniter\CodeIgniter->run()
#9 {main}
ERROR - 2021-08-18 20:11:08 --> Error connecting to the database: No such file or directory
CRITICAL - 2021-08-18 20:11:08 --> Unable to connect to the database.
#0 /var/www/html/screening/system/Database/BaseConnection.php(618): CodeIgniter\Database\BaseConnection->initialize()
#1 /var/www/html/screening/system/Database/BaseConnection.php(1532): CodeIgniter\Database\BaseConnection->query('SHOW TABLES FRO...')
#2 /var/www/html/screening/system/Database/BaseConnection.php(1575): CodeIgniter\Database\BaseConnection->listTables()
#3 /var/www/html/screening/app/Models/GroceryCrudModel.php(43): CodeIgniter\Database\BaseConnection->tableExists('screenings')
#4 /var/www/html/screening/app/Libraries/GroceryCrud.php(635): App\Models\GroceryCrudModel->db_table_exists('screenings')
#5 /var/www/html/screening/app/Libraries/GroceryCrud.php(4970): App\Libraries\grocery_CRUD_Model_Driver->table_exists('screenings')
#6 /var/www/html/screening/app/Libraries/GroceryCrud.php(4450): App\Libraries\GroceryCrud->get_table()
#7 /var/www/html/screening/app/Libraries/GroceryCrud.php(4467): App\Libraries\GroceryCrud->pre_render()
#8 /var/www/html/screening/app/Controllers/Product.php(167): App\Libraries\GroceryCrud->render()
#9 /var/www/html/screening/system/CodeIgniter.php(936): App\Controllers\Product->screening_management('edit', '1012')
#10 /var/www/html/screening/system/CodeIgniter.php(432): CodeIgniter\CodeIgniter->runController(Object(App\Controllers\Product))
#11 /var/www/html/screening/system/CodeIgniter.php(333): CodeIgniter\CodeIgniter->handleRequest(NULL, Object(Config\Cache), false)
#12 /var/www/html/screening/public/index.php(44): CodeIgniter\CodeIgniter->run()
#13 {main}
