ERROR - 2021-08-19 00:03:07 --> Error connecting to the database: No such file or directory
CRITICAL - 2021-08-19 00:03:07 --> Unable to connect to the database.
#0 /var/www/html/screening/system/Database/BaseConnection.php(618): CodeIgniter\Database\BaseConnection->initialize()
#1 /var/www/html/screening/system/Database/BaseConnection.php(1532): CodeIgniter\Database\BaseConnection->query('SHOW TABLES FRO...')
#2 /var/www/html/screening/system/Database/BaseConnection.php(1575): CodeIgniter\Database\BaseConnection->listTables()
#3 /var/www/html/screening/app/Models/GroceryCrudModel.php(43): CodeIgniter\Database\BaseConnection->tableExists('screenings')
#4 /var/www/html/screening/app/Libraries/GroceryCrud.php(635): App\Models\GroceryCrudModel->db_table_exists('screenings')
#5 /var/www/html/screening/app/Libraries/GroceryCrud.php(4970): App\Libraries\grocery_CRUD_Model_Driver->table_exists('screenings')
#6 /var/www/html/screening/app/Libraries/GroceryCrud.php(4450): App\Libraries\GroceryCrud->get_table()
#7 /var/www/html/screening/app/Libraries/GroceryCrud.php(4467): App\Libraries\GroceryCrud->pre_render()
#8 /var/www/html/screening/app/Controllers/Product.php(167): App\Libraries\GroceryCrud->render()
#9 /var/www/html/screening/system/CodeIgniter.php(936): App\Controllers\Product->screening_management('edit', '1012')
#10 /var/www/html/screening/system/CodeIgniter.php(432): CodeIgniter\CodeIgniter->runController(Object(App\Controllers\Product))
#11 /var/www/html/screening/system/CodeIgniter.php(333): CodeIgniter\CodeIgniter->handleRequest(NULL, Object(Config\Cache), false)
#12 /var/www/html/screening/public/index.php(44): CodeIgniter\CodeIgniter->run()
#13 {main}
ERROR - 2021-08-19 00:03:42 --> Error connecting to the database: No such file or directory
CRITICAL - 2021-08-19 00:03:42 --> Unable to connect to the database.
#0 /var/www/html/screening/system/Database/BaseConnection.php(618): CodeIgniter\Database\BaseConnection->initialize()
#1 /var/www/html/screening/system/Database/BaseConnection.php(1532): CodeIgniter\Database\BaseConnection->query('SHOW TABLES FRO...')
#2 /var/www/html/screening/system/Database/BaseConnection.php(1575): CodeIgniter\Database\BaseConnection->listTables()
#3 /var/www/html/screening/app/Models/GroceryCrudModel.php(43): CodeIgniter\Database\BaseConnection->tableExists('screenings')
#4 /var/www/html/screening/app/Libraries/GroceryCrud.php(635): App\Models\GroceryCrudModel->db_table_exists('screenings')
#5 /var/www/html/screening/app/Libraries/GroceryCrud.php(4970): App\Libraries\grocery_CRUD_Model_Driver->table_exists('screenings')
#6 /var/www/html/screening/app/Libraries/GroceryCrud.php(4450): App\Libraries\GroceryCrud->get_table()
#7 /var/www/html/screening/app/Libraries/GroceryCrud.php(4467): App\Libraries\GroceryCrud->pre_render()
#8 /var/www/html/screening/app/Controllers/Product.php(167): App\Libraries\GroceryCrud->render()
#9 /var/www/html/screening/system/CodeIgniter.php(936): App\Controllers\Product->screening_management('edit', '1012')
#10 /var/www/html/screening/system/CodeIgniter.php(432): CodeIgniter\CodeIgniter->runController(Object(App\Controllers\Product))
#11 /var/www/html/screening/system/CodeIgniter.php(333): CodeIgniter\CodeIgniter->handleRequest(NULL, Object(Config\Cache), false)
#12 /var/www/html/screening/public/index.php(44): CodeIgniter\CodeIgniter->run()
#13 {main}
ERROR - 2021-08-19 00:10:00 --> Error connecting to the database: Connection refused
CRITICAL - 2021-08-19 00:10:00 --> Unable to connect to the database.
#0 /var/www/html/screening/system/Database/BaseConnection.php(618): CodeIgniter\Database\BaseConnection->initialize()
#1 /var/www/html/screening/system/Database/BaseConnection.php(1532): CodeIgniter\Database\BaseConnection->query('SHOW TABLES FRO...')
#2 /var/www/html/screening/system/Database/BaseConnection.php(1575): CodeIgniter\Database\BaseConnection->listTables()
#3 /var/www/html/screening/app/Models/GroceryCrudModel.php(43): CodeIgniter\Database\BaseConnection->tableExists('screenings')
#4 /var/www/html/screening/app/Libraries/GroceryCrud.php(635): App\Models\GroceryCrudModel->db_table_exists('screenings')
#5 /var/www/html/screening/app/Libraries/GroceryCrud.php(4970): App\Libraries\grocery_CRUD_Model_Driver->table_exists('screenings')
#6 /var/www/html/screening/app/Libraries/GroceryCrud.php(4450): App\Libraries\GroceryCrud->get_table()
#7 /var/www/html/screening/app/Libraries/GroceryCrud.php(4467): App\Libraries\GroceryCrud->pre_render()
#8 /var/www/html/screening/app/Controllers/Product.php(167): App\Libraries\GroceryCrud->render()
#9 /var/www/html/screening/system/CodeIgniter.php(936): App\Controllers\Product->screening_management('edit', '1012')
#10 /var/www/html/screening/system/CodeIgniter.php(432): CodeIgniter\CodeIgniter->runController(Object(App\Controllers\Product))
#11 /var/www/html/screening/system/CodeIgniter.php(333): CodeIgniter\CodeIgniter->handleRequest(NULL, Object(Config\Cache), false)
#12 /var/www/html/screening/public/index.php(44): CodeIgniter\CodeIgniter->run()
#13 {main}
ERROR - 2021-08-19 00:10:57 --> Error connecting to the database: Connection refused
CRITICAL - 2021-08-19 00:10:57 --> Unable to connect to the database.
#0 /var/www/html/screening/system/Database/BaseConnection.php(618): CodeIgniter\Database\BaseConnection->initialize()
#1 /var/www/html/screening/system/Database/BaseConnection.php(1532): CodeIgniter\Database\BaseConnection->query('SHOW TABLES FRO...')
#2 /var/www/html/screening/system/Database/BaseConnection.php(1575): CodeIgniter\Database\BaseConnection->listTables()
#3 /var/www/html/screening/app/Models/GroceryCrudModel.php(43): CodeIgniter\Database\BaseConnection->tableExists('screenings')
#4 /var/www/html/screening/app/Libraries/GroceryCrud.php(635): App\Models\GroceryCrudModel->db_table_exists('screenings')
#5 /var/www/html/screening/app/Libraries/GroceryCrud.php(4970): App\Libraries\grocery_CRUD_Model_Driver->table_exists('screenings')
#6 /var/www/html/screening/app/Libraries/GroceryCrud.php(4450): App\Libraries\GroceryCrud->get_table()
#7 /var/www/html/screening/app/Libraries/GroceryCrud.php(4467): App\Libraries\GroceryCrud->pre_render()
#8 /var/www/html/screening/app/Controllers/Product.php(167): App\Libraries\GroceryCrud->render()
#9 /var/www/html/screening/system/CodeIgniter.php(936): App\Controllers\Product->screening_management('edit', '1012')
#10 /var/www/html/screening/system/CodeIgniter.php(432): CodeIgniter\CodeIgniter->runController(Object(App\Controllers\Product))
#11 /var/www/html/screening/system/CodeIgniter.php(333): CodeIgniter\CodeIgniter->handleRequest(NULL, Object(Config\Cache), false)
#12 /var/www/html/screening/public/index.php(44): CodeIgniter\CodeIgniter->run()
#13 {main}
ERROR - 2021-08-19 00:11:07 --> Error connecting to the database: php_network_getaddresses: getaddrinfo failed: Name or service not known
CRITICAL - 2021-08-19 00:11:07 --> Unable to connect to the database.
#0 /var/www/html/screening/system/Database/BaseConnection.php(618): CodeIgniter\Database\BaseConnection->initialize()
#1 /var/www/html/screening/system/Database/BaseConnection.php(1532): CodeIgniter\Database\BaseConnection->query('SHOW TABLES FRO...')
#2 /var/www/html/screening/system/Database/BaseConnection.php(1575): CodeIgniter\Database\BaseConnection->listTables()
#3 /var/www/html/screening/app/Models/GroceryCrudModel.php(43): CodeIgniter\Database\BaseConnection->tableExists('screenings')
#4 /var/www/html/screening/app/Libraries/GroceryCrud.php(635): App\Models\GroceryCrudModel->db_table_exists('screenings')
#5 /var/www/html/screening/app/Libraries/GroceryCrud.php(4970): App\Libraries\grocery_CRUD_Model_Driver->table_exists('screenings')
#6 /var/www/html/screening/app/Libraries/GroceryCrud.php(4450): App\Libraries\GroceryCrud->get_table()
#7 /var/www/html/screening/app/Libraries/GroceryCrud.php(4467): App\Libraries\GroceryCrud->pre_render()
#8 /var/www/html/screening/app/Controllers/Product.php(167): App\Libraries\GroceryCrud->render()
#9 /var/www/html/screening/system/CodeIgniter.php(936): App\Controllers\Product->screening_management('edit', '1012')
#10 /var/www/html/screening/system/CodeIgniter.php(432): CodeIgniter\CodeIgniter->runController(Object(App\Controllers\Product))
#11 /var/www/html/screening/system/CodeIgniter.php(333): CodeIgniter\CodeIgniter->handleRequest(NULL, Object(Config\Cache), false)
#12 /var/www/html/screening/public/index.php(44): CodeIgniter\CodeIgniter->run()
#13 {main}
ERROR - 2021-08-19 00:11:41 --> Error connecting to the database: No such file or directory
CRITICAL - 2021-08-19 00:11:41 --> Unable to connect to the database.
#0 /var/www/html/screening/system/Database/BaseConnection.php(618): CodeIgniter\Database\BaseConnection->initialize()
#1 /var/www/html/screening/system/Database/BaseConnection.php(1532): CodeIgniter\Database\BaseConnection->query('SHOW TABLES FRO...')
#2 /var/www/html/screening/system/Database/BaseConnection.php(1575): CodeIgniter\Database\BaseConnection->listTables()
#3 /var/www/html/screening/app/Models/GroceryCrudModel.php(43): CodeIgniter\Database\BaseConnection->tableExists('screenings')
#4 /var/www/html/screening/app/Libraries/GroceryCrud.php(635): App\Models\GroceryCrudModel->db_table_exists('screenings')
#5 /var/www/html/screening/app/Libraries/GroceryCrud.php(4970): App\Libraries\grocery_CRUD_Model_Driver->table_exists('screenings')
#6 /var/www/html/screening/app/Libraries/GroceryCrud.php(4450): App\Libraries\GroceryCrud->get_table()
#7 /var/www/html/screening/app/Libraries/GroceryCrud.php(4467): App\Libraries\GroceryCrud->pre_render()
#8 /var/www/html/screening/app/Controllers/Product.php(167): App\Libraries\GroceryCrud->render()
#9 /var/www/html/screening/system/CodeIgniter.php(936): App\Controllers\Product->screening_management('edit', '1012')
#10 /var/www/html/screening/system/CodeIgniter.php(432): CodeIgniter\CodeIgniter->runController(Object(App\Controllers\Product))
#11 /var/www/html/screening/system/CodeIgniter.php(333): CodeIgniter\CodeIgniter->handleRequest(NULL, Object(Config\Cache), false)
#12 /var/www/html/screening/public/index.php(44): CodeIgniter\CodeIgniter->run()
#13 {main}
ERROR - 2021-08-19 00:11:50 --> Error connecting to the database: No such file or directory
CRITICAL - 2021-08-19 00:11:50 --> Unable to connect to the database.
#0 /var/www/html/screening/system/Database/BaseConnection.php(618): CodeIgniter\Database\BaseConnection->initialize()
#1 /var/www/html/screening/system/Database/BaseConnection.php(1532): CodeIgniter\Database\BaseConnection->query('SHOW TABLES FRO...')
#2 /var/www/html/screening/system/Database/BaseConnection.php(1575): CodeIgniter\Database\BaseConnection->listTables()
#3 /var/www/html/screening/app/Models/GroceryCrudModel.php(43): CodeIgniter\Database\BaseConnection->tableExists('screenings')
#4 /var/www/html/screening/app/Libraries/GroceryCrud.php(635): App\Models\GroceryCrudModel->db_table_exists('screenings')
#5 /var/www/html/screening/app/Libraries/GroceryCrud.php(4970): App\Libraries\grocery_CRUD_Model_Driver->table_exists('screenings')
#6 /var/www/html/screening/app/Libraries/GroceryCrud.php(4450): App\Libraries\GroceryCrud->get_table()
#7 /var/www/html/screening/app/Libraries/GroceryCrud.php(4467): App\Libraries\GroceryCrud->pre_render()
#8 /var/www/html/screening/app/Controllers/Product.php(167): App\Libraries\GroceryCrud->render()
#9 /var/www/html/screening/system/CodeIgniter.php(936): App\Controllers\Product->screening_management('edit', '1012')
#10 /var/www/html/screening/system/CodeIgniter.php(432): CodeIgniter\CodeIgniter->runController(Object(App\Controllers\Product))
#11 /var/www/html/screening/system/CodeIgniter.php(333): CodeIgniter\CodeIgniter->handleRequest(NULL, Object(Config\Cache), false)
#12 /var/www/html/screening/public/index.php(44): CodeIgniter\CodeIgniter->run()
#13 {main}
ERROR - 2021-08-19 00:18:26 --> Error connecting to the database: No such file or directory
CRITICAL - 2021-08-19 00:18:26 --> Unable to connect to the database.
#0 /var/www/html/screening/system/Database/BaseConnection.php(618): CodeIgniter\Database\BaseConnection->initialize()
#1 /var/www/html/screening/system/Database/BaseConnection.php(1532): CodeIgniter\Database\BaseConnection->query('SHOW TABLES FRO...')
#2 /var/www/html/screening/system/Database/BaseConnection.php(1575): CodeIgniter\Database\BaseConnection->listTables()
#3 /var/www/html/screening/app/Models/GroceryCrudModel.php(43): CodeIgniter\Database\BaseConnection->tableExists('screenings')
#4 /var/www/html/screening/app/Libraries/GroceryCrud.php(635): App\Models\GroceryCrudModel->db_table_exists('screenings')
#5 /var/www/html/screening/app/Libraries/GroceryCrud.php(4970): App\Libraries\grocery_CRUD_Model_Driver->table_exists('screenings')
#6 /var/www/html/screening/app/Libraries/GroceryCrud.php(4450): App\Libraries\GroceryCrud->get_table()
#7 /var/www/html/screening/app/Libraries/GroceryCrud.php(4467): App\Libraries\GroceryCrud->pre_render()
#8 /var/www/html/screening/app/Controllers/Product.php(167): App\Libraries\GroceryCrud->render()
#9 /var/www/html/screening/system/CodeIgniter.php(936): App\Controllers\Product->screening_management('edit', '1012')
#10 /var/www/html/screening/system/CodeIgniter.php(432): CodeIgniter\CodeIgniter->runController(Object(App\Controllers\Product))
#11 /var/www/html/screening/system/CodeIgniter.php(333): CodeIgniter\CodeIgniter->handleRequest(NULL, Object(Config\Cache), false)
#12 /var/www/html/screening/public/index.php(44): CodeIgniter\CodeIgniter->run()
#13 {main}
ERROR - 2021-08-19 00:18:57 --> Error connecting to the database: No such file or directory
CRITICAL - 2021-08-19 00:18:57 --> Unable to connect to the database.
#0 /var/www/html/screening/system/Database/BaseConnection.php(618): CodeIgniter\Database\BaseConnection->initialize()
#1 /var/www/html/screening/system/Database/BaseConnection.php(1532): CodeIgniter\Database\BaseConnection->query('SHOW TABLES FRO...')
#2 /var/www/html/screening/system/Database/BaseConnection.php(1575): CodeIgniter\Database\BaseConnection->listTables()
#3 /var/www/html/screening/app/Models/GroceryCrudModel.php(43): CodeIgniter\Database\BaseConnection->tableExists('screenings')
#4 /var/www/html/screening/app/Libraries/GroceryCrud.php(635): App\Models\GroceryCrudModel->db_table_exists('screenings')
#5 /var/www/html/screening/app/Libraries/GroceryCrud.php(4970): App\Libraries\grocery_CRUD_Model_Driver->table_exists('screenings')
#6 /var/www/html/screening/app/Libraries/GroceryCrud.php(4450): App\Libraries\GroceryCrud->get_table()
#7 /var/www/html/screening/app/Libraries/GroceryCrud.php(4467): App\Libraries\GroceryCrud->pre_render()
#8 /var/www/html/screening/app/Controllers/Product.php(167): App\Libraries\GroceryCrud->render()
#9 /var/www/html/screening/system/CodeIgniter.php(936): App\Controllers\Product->screening_management('edit', '1012')
#10 /var/www/html/screening/system/CodeIgniter.php(432): CodeIgniter\CodeIgniter->runController(Object(App\Controllers\Product))
#11 /var/www/html/screening/system/CodeIgniter.php(333): CodeIgniter\CodeIgniter->handleRequest(NULL, Object(Config\Cache), false)
#12 /var/www/html/screening/public/index.php(44): CodeIgniter\CodeIgniter->run()
#13 {main}
ERROR - 2021-08-19 00:18:59 --> Error connecting to the database: No such file or directory
CRITICAL - 2021-08-19 00:18:59 --> Unable to connect to the database.
#0 /var/www/html/screening/system/Database/BaseConnection.php(618): CodeIgniter\Database\BaseConnection->initialize()
#1 /var/www/html/screening/system/Database/BaseConnection.php(1532): CodeIgniter\Database\BaseConnection->query('SHOW TABLES FRO...')
#2 /var/www/html/screening/system/Database/BaseConnection.php(1575): CodeIgniter\Database\BaseConnection->listTables()
#3 /var/www/html/screening/app/Models/GroceryCrudModel.php(43): CodeIgniter\Database\BaseConnection->tableExists('screenings')
#4 /var/www/html/screening/app/Libraries/GroceryCrud.php(635): App\Models\GroceryCrudModel->db_table_exists('screenings')
#5 /var/www/html/screening/app/Libraries/GroceryCrud.php(4970): App\Libraries\grocery_CRUD_Model_Driver->table_exists('screenings')
#6 /var/www/html/screening/app/Libraries/GroceryCrud.php(4450): App\Libraries\GroceryCrud->get_table()
#7 /var/www/html/screening/app/Libraries/GroceryCrud.php(4467): App\Libraries\GroceryCrud->pre_render()
#8 /var/www/html/screening/app/Controllers/Product.php(167): App\Libraries\GroceryCrud->render()
#9 /var/www/html/screening/system/CodeIgniter.php(936): App\Controllers\Product->screening_management('edit', '1012')
#10 /var/www/html/screening/system/CodeIgniter.php(432): CodeIgniter\CodeIgniter->runController(Object(App\Controllers\Product))
#11 /var/www/html/screening/system/CodeIgniter.php(333): CodeIgniter\CodeIgniter->handleRequest(NULL, Object(Config\Cache), false)
#12 /var/www/html/screening/public/index.php(44): CodeIgniter\CodeIgniter->run()
#13 {main}
ERROR - 2021-08-19 00:21:51 --> Error connecting to the database: No such file or directory
CRITICAL - 2021-08-19 00:21:51 --> Unable to connect to the database.
#0 /var/www/html/screening/system/Database/BaseConnection.php(618): CodeIgniter\Database\BaseConnection->initialize()
#1 /var/www/html/screening/system/Database/BaseConnection.php(1532): CodeIgniter\Database\BaseConnection->query('SHOW TABLES FRO...')
#2 /var/www/html/screening/system/Database/BaseConnection.php(1575): CodeIgniter\Database\BaseConnection->listTables()
#3 /var/www/html/screening/app/Models/GroceryCrudModel.php(43): CodeIgniter\Database\BaseConnection->tableExists('screenings')
#4 /var/www/html/screening/app/Libraries/GroceryCrud.php(635): App\Models\GroceryCrudModel->db_table_exists('screenings')
#5 /var/www/html/screening/app/Libraries/GroceryCrud.php(4970): App\Libraries\grocery_CRUD_Model_Driver->table_exists('screenings')
#6 /var/www/html/screening/app/Libraries/GroceryCrud.php(4450): App\Libraries\GroceryCrud->get_table()
#7 /var/www/html/screening/app/Libraries/GroceryCrud.php(4467): App\Libraries\GroceryCrud->pre_render()
#8 /var/www/html/screening/app/Controllers/Product.php(167): App\Libraries\GroceryCrud->render()
#9 /var/www/html/screening/system/CodeIgniter.php(936): App\Controllers\Product->screening_management('edit', '1012')
#10 /var/www/html/screening/system/CodeIgniter.php(432): CodeIgniter\CodeIgniter->runController(Object(App\Controllers\Product))
#11 /var/www/html/screening/system/CodeIgniter.php(333): CodeIgniter\CodeIgniter->handleRequest(NULL, Object(Config\Cache), false)
#12 /var/www/html/screening/public/index.php(44): CodeIgniter\CodeIgniter->run()
#13 {main}
ERROR - 2021-08-19 19:53:37 --> Error connecting to the database: No such file or directory
CRITICAL - 2021-08-19 19:53:37 --> Unable to connect to the database.
#0 /var/www/html/screening/system/Database/BaseConnection.php(618): CodeIgniter\Database\BaseConnection->initialize()
#1 /var/www/html/screening/system/Database/BaseConnection.php(1532): CodeIgniter\Database\BaseConnection->query('SHOW TABLES FRO...')
#2 /var/www/html/screening/system/Database/BaseConnection.php(1575): CodeIgniter\Database\BaseConnection->listTables()
#3 /var/www/html/screening/app/Models/GroceryCrudModel.php(43): CodeIgniter\Database\BaseConnection->tableExists('screenings')
#4 /var/www/html/screening/app/Libraries/GroceryCrud.php(635): App\Models\GroceryCrudModel->db_table_exists('screenings')
#5 /var/www/html/screening/app/Libraries/GroceryCrud.php(4970): App\Libraries\grocery_CRUD_Model_Driver->table_exists('screenings')
#6 /var/www/html/screening/app/Libraries/GroceryCrud.php(4450): App\Libraries\GroceryCrud->get_table()
#7 /var/www/html/screening/app/Libraries/GroceryCrud.php(4467): App\Libraries\GroceryCrud->pre_render()
#8 /var/www/html/screening/app/Controllers/Product.php(167): App\Libraries\GroceryCrud->render()
#9 /var/www/html/screening/system/CodeIgniter.php(936): App\Controllers\Product->screening_management('edit', '1012')
#10 /var/www/html/screening/system/CodeIgniter.php(432): CodeIgniter\CodeIgniter->runController(Object(App\Controllers\Product))
#11 /var/www/html/screening/system/CodeIgniter.php(333): CodeIgniter\CodeIgniter->handleRequest(NULL, Object(Config\Cache), false)
#12 /var/www/html/screening/public/index.php(44): CodeIgniter\CodeIgniter->run()
#13 {main}
CRITICAL - 2021-08-19 20:30:03 --> No such file or directory
#0 /var/www/html/screening/app/Libraries/InterneticsLibrary.php(51): mysqli_connect('localhost', 'interne1_screen...', 'Ne]e6ho+3y5!', 'interne1_screen...')
#1 /var/www/html/screening/app/Libraries/GroceryCrud.php(231): App\Libraries\InterneticsLibrary->get_multiselect_input(Object(stdClass), '2')
#2 /var/www/html/screening/app/Libraries/InterneticsLibrary.php(287): App\Libraries\grocery_CRUD_Field_Types->get_field_input(Object(stdClass), '2')
#3 /var/www/html/screening/app/Libraries/GroceryCrud.php(1832): App\Libraries\InterneticsLibrary->get_edit_input_fields(Object(stdClass))
#4 /var/www/html/screening/app/Libraries/GroceryCrud.php(4532): App\Libraries\grocery_CRUD_Layout->showEditForm(Object(stdClass))
#5 /var/www/html/screening/app/Controllers/Product.php(167): App\Libraries\GroceryCrud->render()
#6 /var/www/html/screening/system/CodeIgniter.php(936): App\Controllers\Product->screening_management('edit', '1012')
#7 /var/www/html/screening/system/CodeIgniter.php(432): CodeIgniter\CodeIgniter->runController(Object(App\Controllers\Product))
#8 /var/www/html/screening/system/CodeIgniter.php(333): CodeIgniter\CodeIgniter->handleRequest(NULL, Object(Config\Cache), false)
#9 /var/www/html/screening/public/index.php(44): CodeIgniter\CodeIgniter->run()
#10 {main}
ERROR - 2021-08-19 21:23:49 --> Error connecting to the database: No such file or directory
CRITICAL - 2021-08-19 21:23:49 --> Unable to connect to the database.
#0 /var/www/html/screening/system/Database/BaseConnection.php(618): CodeIgniter\Database\BaseConnection->initialize()
#1 /var/www/html/screening/system/Database/BaseConnection.php(1532): CodeIgniter\Database\BaseConnection->query('SHOW TABLES FRO...')
#2 /var/www/html/screening/system/Database/BaseConnection.php(1575): CodeIgniter\Database\BaseConnection->listTables()
#3 /var/www/html/screening/app/Models/GroceryCrudModel.php(43): CodeIgniter\Database\BaseConnection->tableExists('screenings')
#4 /var/www/html/screening/app/Libraries/GroceryCrud.php(635): App\Models\GroceryCrudModel->db_table_exists('screenings')
#5 /var/www/html/screening/app/Libraries/GroceryCrud.php(4970): App\Libraries\grocery_CRUD_Model_Driver->table_exists('screenings')
#6 /var/www/html/screening/app/Libraries/GroceryCrud.php(4450): App\Libraries\GroceryCrud->get_table()
#7 /var/www/html/screening/app/Libraries/GroceryCrud.php(4467): App\Libraries\GroceryCrud->pre_render()
#8 /var/www/html/screening/app/Controllers/Product.php(167): App\Libraries\GroceryCrud->render()
#9 /var/www/html/screening/system/CodeIgniter.php(936): App\Controllers\Product->screening_management('edit', '1012')
#10 /var/www/html/screening/system/CodeIgniter.php(432): CodeIgniter\CodeIgniter->runController(Object(App\Controllers\Product))
#11 /var/www/html/screening/system/CodeIgniter.php(333): CodeIgniter\CodeIgniter->handleRequest(NULL, Object(Config\Cache), false)
#12 /var/www/html/screening/public/index.php(44): CodeIgniter\CodeIgniter->run()
#13 {main}
ERROR - 2021-08-19 21:24:28 --> Error connecting to the database: No such file or directory
CRITICAL - 2021-08-19 21:24:28 --> Unable to connect to the database.
#0 /var/www/html/screening/system/Database/BaseConnection.php(618): CodeIgniter\Database\BaseConnection->initialize()
#1 /var/www/html/screening/system/Database/BaseConnection.php(1532): CodeIgniter\Database\BaseConnection->query('SHOW TABLES FRO...')
#2 /var/www/html/screening/system/Database/BaseConnection.php(1575): CodeIgniter\Database\BaseConnection->listTables()
#3 /var/www/html/screening/app/Models/GroceryCrudModel.php(43): CodeIgniter\Database\BaseConnection->tableExists('screenings')
#4 /var/www/html/screening/app/Libraries/GroceryCrud.php(635): App\Models\GroceryCrudModel->db_table_exists('screenings')
#5 /var/www/html/screening/app/Libraries/GroceryCrud.php(4970): App\Libraries\grocery_CRUD_Model_Driver->table_exists('screenings')
#6 /var/www/html/screening/app/Libraries/GroceryCrud.php(4450): App\Libraries\GroceryCrud->get_table()
#7 /var/www/html/screening/app/Libraries/GroceryCrud.php(4467): App\Libraries\GroceryCrud->pre_render()
#8 /var/www/html/screening/app/Controllers/Product.php(167): App\Libraries\GroceryCrud->render()
#9 /var/www/html/screening/system/CodeIgniter.php(936): App\Controllers\Product->screening_management('edit', '1012')
#10 /var/www/html/screening/system/CodeIgniter.php(432): CodeIgniter\CodeIgniter->runController(Object(App\Controllers\Product))
#11 /var/www/html/screening/system/CodeIgniter.php(333): CodeIgniter\CodeIgniter->handleRequest(NULL, Object(Config\Cache), false)
#12 /var/www/html/screening/public/index.php(44): CodeIgniter\CodeIgniter->run()
#13 {main}
ERROR - 2021-08-19 22:21:06 --> Error connecting to the database: No such file or directory
CRITICAL - 2021-08-19 22:21:06 --> Unable to connect to the database.
#0 /var/www/html/screening/system/Database/BaseConnection.php(618): CodeIgniter\Database\BaseConnection->initialize()
#1 /var/www/html/screening/system/Database/BaseConnection.php(1532): CodeIgniter\Database\BaseConnection->query('SHOW TABLES FRO...')
#2 /var/www/html/screening/system/Database/BaseConnection.php(1575): CodeIgniter\Database\BaseConnection->listTables()
#3 /var/www/html/screening/app/Models/GroceryCrudModel.php(43): CodeIgniter\Database\BaseConnection->tableExists('screenings')
#4 /var/www/html/screening/app/Libraries/GroceryCrud.php(635): App\Models\GroceryCrudModel->db_table_exists('screenings')
#5 /var/www/html/screening/app/Libraries/GroceryCrud.php(4970): App\Libraries\grocery_CRUD_Model_Driver->table_exists('screenings')
#6 /var/www/html/screening/app/Libraries/GroceryCrud.php(4450): App\Libraries\GroceryCrud->get_table()
#7 /var/www/html/screening/app/Libraries/GroceryCrud.php(4467): App\Libraries\GroceryCrud->pre_render()
#8 /var/www/html/screening/app/Controllers/Product.php(167): App\Libraries\GroceryCrud->render()
#9 /var/www/html/screening/system/CodeIgniter.php(936): App\Controllers\Product->screening_management('edit', '1012')
#10 /var/www/html/screening/system/CodeIgniter.php(432): CodeIgniter\CodeIgniter->runController(Object(App\Controllers\Product))
#11 /var/www/html/screening/system/CodeIgniter.php(333): CodeIgniter\CodeIgniter->handleRequest(NULL, Object(Config\Cache), false)
#12 /var/www/html/screening/public/index.php(44): CodeIgniter\CodeIgniter->run()
#13 {main}
ERROR - 2021-08-19 22:21:34 --> Error connecting to the database: No such file or directory
CRITICAL - 2021-08-19 22:21:34 --> Unable to connect to the database.
#0 /var/www/html/screening/system/Database/BaseConnection.php(618): CodeIgniter\Database\BaseConnection->initialize()
#1 /var/www/html/screening/system/Database/BaseConnection.php(1532): CodeIgniter\Database\BaseConnection->query('SHOW TABLES FRO...')
#2 /var/www/html/screening/system/Database/BaseConnection.php(1575): CodeIgniter\Database\BaseConnection->listTables()
#3 /var/www/html/screening/app/Models/GroceryCrudModel.php(43): CodeIgniter\Database\BaseConnection->tableExists('screenings')
#4 /var/www/html/screening/app/Libraries/GroceryCrud.php(635): App\Models\GroceryCrudModel->db_table_exists('screenings')
#5 /var/www/html/screening/app/Libraries/GroceryCrud.php(4970): App\Libraries\grocery_CRUD_Model_Driver->table_exists('screenings')
#6 /var/www/html/screening/app/Libraries/GroceryCrud.php(4450): App\Libraries\GroceryCrud->get_table()
#7 /var/www/html/screening/app/Libraries/GroceryCrud.php(4467): App\Libraries\GroceryCrud->pre_render()
#8 /var/www/html/screening/app/Controllers/Product.php(167): App\Libraries\GroceryCrud->render()
#9 /var/www/html/screening/system/CodeIgniter.php(936): App\Controllers\Product->screening_management('edit', '1012')
#10 /var/www/html/screening/system/CodeIgniter.php(432): CodeIgniter\CodeIgniter->runController(Object(App\Controllers\Product))
#11 /var/www/html/screening/system/CodeIgniter.php(333): CodeIgniter\CodeIgniter->handleRequest(NULL, Object(Config\Cache), false)
#12 /var/www/html/screening/public/index.php(44): CodeIgniter\CodeIgniter->run()
#13 {main}
ERROR - 2021-08-19 22:22:30 --> Error connecting to the database: No such file or directory
CRITICAL - 2021-08-19 22:22:30 --> Unable to connect to the database.
#0 /var/www/html/screening/system/Database/BaseConnection.php(618): CodeIgniter\Database\BaseConnection->initialize()
#1 /var/www/html/screening/system/Database/BaseConnection.php(1532): CodeIgniter\Database\BaseConnection->query('SHOW TABLES FRO...')
#2 /var/www/html/screening/system/Database/BaseConnection.php(1575): CodeIgniter\Database\BaseConnection->listTables()
#3 /var/www/html/screening/app/Models/GroceryCrudModel.php(43): CodeIgniter\Database\BaseConnection->tableExists('screenings')
#4 /var/www/html/screening/app/Libraries/GroceryCrud.php(635): App\Models\GroceryCrudModel->db_table_exists('screenings')
#5 /var/www/html/screening/app/Libraries/GroceryCrud.php(4970): App\Libraries\grocery_CRUD_Model_Driver->table_exists('screenings')
#6 /var/www/html/screening/app/Libraries/GroceryCrud.php(4450): App\Libraries\GroceryCrud->get_table()
#7 /var/www/html/screening/app/Libraries/GroceryCrud.php(4467): App\Libraries\GroceryCrud->pre_render()
#8 /var/www/html/screening/app/Controllers/Product.php(167): App\Libraries\GroceryCrud->render()
#9 /var/www/html/screening/system/CodeIgniter.php(936): App\Controllers\Product->screening_management('edit', '1012')
#10 /var/www/html/screening/system/CodeIgniter.php(432): CodeIgniter\CodeIgniter->runController(Object(App\Controllers\Product))
#11 /var/www/html/screening/system/CodeIgniter.php(333): CodeIgniter\CodeIgniter->handleRequest(NULL, Object(Config\Cache), false)
#12 /var/www/html/screening/public/index.php(44): CodeIgniter\CodeIgniter->run()
#13 {main}
ERROR - 2021-08-19 22:22:38 --> Error connecting to the database: No such file or directory
CRITICAL - 2021-08-19 22:22:38 --> Unable to connect to the database.
#0 /var/www/html/screening/system/Database/BaseConnection.php(618): CodeIgniter\Database\BaseConnection->initialize()
#1 /var/www/html/screening/system/Database/BaseConnection.php(1532): CodeIgniter\Database\BaseConnection->query('SHOW TABLES FRO...')
#2 /var/www/html/screening/system/Database/BaseConnection.php(1575): CodeIgniter\Database\BaseConnection->listTables()
#3 /var/www/html/screening/app/Models/GroceryCrudModel.php(43): CodeIgniter\Database\BaseConnection->tableExists('screenings')
#4 /var/www/html/screening/app/Libraries/GroceryCrud.php(635): App\Models\GroceryCrudModel->db_table_exists('screenings')
#5 /var/www/html/screening/app/Libraries/GroceryCrud.php(4970): App\Libraries\grocery_CRUD_Model_Driver->table_exists('screenings')
#6 /var/www/html/screening/app/Libraries/GroceryCrud.php(4450): App\Libraries\GroceryCrud->get_table()
#7 /var/www/html/screening/app/Libraries/GroceryCrud.php(4467): App\Libraries\GroceryCrud->pre_render()
#8 /var/www/html/screening/app/Controllers/Product.php(167): App\Libraries\GroceryCrud->render()
#9 /var/www/html/screening/system/CodeIgniter.php(936): App\Controllers\Product->screening_management('edit', '1012')
#10 /var/www/html/screening/system/CodeIgniter.php(432): CodeIgniter\CodeIgniter->runController(Object(App\Controllers\Product))
#11 /var/www/html/screening/system/CodeIgniter.php(333): CodeIgniter\CodeIgniter->handleRequest(NULL, Object(Config\Cache), false)
#12 /var/www/html/screening/public/index.php(44): CodeIgniter\CodeIgniter->run()
#13 {main}
